Archive member included to satisfy reference by file (symbol)

c:/program files (x86)/gnu arm embedded toolchain/9 2020-q2-update/bin/../lib/gcc/arm-none-eabi/9.3.1/../../../../arm-none-eabi/lib/thumb/v7e-m+dp/hard\libc_nano.a(lib_a-exit.o)
                              c:/program files (x86)/gnu arm embedded toolchain/9 2020-q2-update/bin/../lib/gcc/arm-none-eabi/9.3.1/../../../../arm-none-eabi/lib/thumb/v7e-m+dp/hard/crt0.o (exit)
c:/program files (x86)/gnu arm embedded toolchain/9 2020-q2-update/bin/../lib/gcc/arm-none-eabi/9.3.1/../../../../arm-none-eabi/lib/thumb/v7e-m+dp/hard\libc_nano.a(lib_a-impure.o)
                              c:/program files (x86)/gnu arm embedded toolchain/9 2020-q2-update/bin/../lib/gcc/arm-none-eabi/9.3.1/../../../../arm-none-eabi/lib/thumb/v7e-m+dp/hard\libc_nano.a(lib_a-exit.o) (_global_impure_ptr)
c:/program files (x86)/gnu arm embedded toolchain/9 2020-q2-update/bin/../lib/gcc/arm-none-eabi/9.3.1/../../../../arm-none-eabi/lib/thumb/v7e-m+dp/hard\libc_nano.a(lib_a-init.o)
                              c:/program files (x86)/gnu arm embedded toolchain/9 2020-q2-update/bin/../lib/gcc/arm-none-eabi/9.3.1/../../../../arm-none-eabi/lib/thumb/v7e-m+dp/hard/crt0.o (__libc_init_array)
c:/program files (x86)/gnu arm embedded toolchain/9 2020-q2-update/bin/../lib/gcc/arm-none-eabi/9.3.1/../../../../arm-none-eabi/lib/thumb/v7e-m+dp/hard\libc_nano.a(lib_a-malloc.o)
                              ../build/usbd_hid.o (malloc)
c:/program files (x86)/gnu arm embedded toolchain/9 2020-q2-update/bin/../lib/gcc/arm-none-eabi/9.3.1/../../../../arm-none-eabi/lib/thumb/v7e-m+dp/hard\libc_nano.a(lib_a-memcpy-stub.o)
                              ../build/6180a1.o (memcpy)
c:/program files (x86)/gnu arm embedded toolchain/9 2020-q2-update/bin/../lib/gcc/arm-none-eabi/9.3.1/../../../../arm-none-eabi/lib/thumb/v7e-m+dp/hard\libc_nano.a(lib_a-memset.o)
                              c:/program files (x86)/gnu arm embedded toolchain/9 2020-q2-update/bin/../lib/gcc/arm-none-eabi/9.3.1/../../../../arm-none-eabi/lib/thumb/v7e-m+dp/hard/crt0.o (memset)
c:/program files (x86)/gnu arm embedded toolchain/9 2020-q2-update/bin/../lib/gcc/arm-none-eabi/9.3.1/../../../../arm-none-eabi/lib/thumb/v7e-m+dp/hard\libc_nano.a(lib_a-nano-freer.o)
                              c:/program files (x86)/gnu arm embedded toolchain/9 2020-q2-update/bin/../lib/gcc/arm-none-eabi/9.3.1/../../../../arm-none-eabi/lib/thumb/v7e-m+dp/hard\libc_nano.a(lib_a-malloc.o) (_free_r)
c:/program files (x86)/gnu arm embedded toolchain/9 2020-q2-update/bin/../lib/gcc/arm-none-eabi/9.3.1/../../../../arm-none-eabi/lib/thumb/v7e-m+dp/hard\libc_nano.a(lib_a-nano-mallocr.o)
                              c:/program files (x86)/gnu arm embedded toolchain/9 2020-q2-update/bin/../lib/gcc/arm-none-eabi/9.3.1/../../../../arm-none-eabi/lib/thumb/v7e-m+dp/hard\libc_nano.a(lib_a-malloc.o) (_malloc_r)
c:/program files (x86)/gnu arm embedded toolchain/9 2020-q2-update/bin/../lib/gcc/arm-none-eabi/9.3.1/../../../../arm-none-eabi/lib/thumb/v7e-m+dp/hard\libc_nano.a(lib_a-printf.o)
                              ../build/main.o (printf)
c:/program files (x86)/gnu arm embedded toolchain/9 2020-q2-update/bin/../lib/gcc/arm-none-eabi/9.3.1/../../../../arm-none-eabi/lib/thumb/v7e-m+dp/hard\libc_nano.a(lib_a-puts.o)
                              ../build/main.o (puts)
c:/program files (x86)/gnu arm embedded toolchain/9 2020-q2-update/bin/../lib/gcc/arm-none-eabi/9.3.1/../../../../arm-none-eabi/lib/thumb/v7e-m+dp/hard\libc_nano.a(lib_a-sbrkr.o)
                              c:/program files (x86)/gnu arm embedded toolchain/9 2020-q2-update/bin/../lib/gcc/arm-none-eabi/9.3.1/../../../../arm-none-eabi/lib/thumb/v7e-m+dp/hard\libc_nano.a(lib_a-nano-mallocr.o) (_sbrk_r)
c:/program files (x86)/gnu arm embedded toolchain/9 2020-q2-update/bin/../lib/gcc/arm-none-eabi/9.3.1/../../../../arm-none-eabi/lib/thumb/v7e-m+dp/hard\libc_nano.a(lib_a-wbuf.o)
                              c:/program files (x86)/gnu arm embedded toolchain/9 2020-q2-update/bin/../lib/gcc/arm-none-eabi/9.3.1/../../../../arm-none-eabi/lib/thumb/v7e-m+dp/hard\libc_nano.a(lib_a-puts.o) (__swbuf_r)
c:/program files (x86)/gnu arm embedded toolchain/9 2020-q2-update/bin/../lib/gcc/arm-none-eabi/9.3.1/../../../../arm-none-eabi/lib/thumb/v7e-m+dp/hard\libc_nano.a(lib_a-wsetup.o)
                              c:/program files (x86)/gnu arm embedded toolchain/9 2020-q2-update/bin/../lib/gcc/arm-none-eabi/9.3.1/../../../../arm-none-eabi/lib/thumb/v7e-m+dp/hard\libc_nano.a(lib_a-puts.o) (__swsetup_r)
c:/program files (x86)/gnu arm embedded toolchain/9 2020-q2-update/bin/../lib/gcc/arm-none-eabi/9.3.1/../../../../arm-none-eabi/lib/thumb/v7e-m+dp/hard\libc_nano.a(lib_a-fflush.o)
                              c:/program files (x86)/gnu arm embedded toolchain/9 2020-q2-update/bin/../lib/gcc/arm-none-eabi/9.3.1/../../../../arm-none-eabi/lib/thumb/v7e-m+dp/hard\libc_nano.a(lib_a-wbuf.o) (_fflush_r)
[...]
Memory Configuration

Name             Origin             Length             Attributes
RAM              0x20000000         0x00080000         xrw
FLASH            0x08000000         0x00200000         xr
*default*        0x00000000         0xffffffff

Linker script and memory map

LOAD c:/program files (x86)/gnu arm embedded toolchain/9 2020-q2-update/bin/../lib/gcc/arm-none-eabi/9.3.1/thumb/v7e-m+dp/hard/crti.o
LOAD c:/program files (x86)/gnu arm embedded toolchain/9 2020-q2-update/bin/../lib/gcc/arm-none-eabi/9.3.1/thumb/v7e-m+dp/hard/crtbegin.o
LOAD c:/program files (x86)/gnu arm embedded toolchain/9 2020-q2-update/bin/../lib/gcc/arm-none-eabi/9.3.1/../../../../arm-none-eabi/lib/thumb/v7e-m+dp/hard/crt0.o
LOAD ../build/system_stm32f7xx.o
LOAD ../build/main.o
LOAD ../build/Gesture.o
LOAD ../build/freertos.o
LOAD ../build/stm32f7xx_it.o
LOAD ../build/stm32f7xx_hal_msp.o
LOAD ../build/6180a1.o
LOAD ../build/uart.o
LOAD ../build/vl6180_api.o
LOAD ../build/stm32f7xx_hal_pcd.o
LOAD ../build/stm32f7xx_hal_pcd_ex.o
LOAD ../build/stm32f7xx_ll_usb.o
LOAD ../build/stm32f7xx_hal_rcc.o
LOAD ../build/stm32f7xx_hal_rcc_ex.o
LOAD ../build/stm32f7xx_hal_flash.o
LOAD ../build/stm32f7xx_hal_flash_ex.o
LOAD ../build/stm32f7xx_hal_gpio.o
LOAD ../build/stm32f7xx_hal_dma.o
LOAD ../build/stm32f7xx_hal_dma_ex.o
LOAD ../build/stm32f7xx_hal_pwr.o
LOAD ../build/stm32f7xx_hal_pwr_ex.o
LOAD ../build/stm32f7xx_hal_cortex.o
LOAD ../build/stm32f7xx_hal.o
LOAD ../build/stm32f7xx_hal_i2c.o
LOAD ../build/stm32f7xx_hal_i2c_ex.o
LOAD ../build/stm32f7xx_hal_exti.o
LOAD ../build/stm32f7xx_hal_eth.o
LOAD ../build/stm32f7xx_hal_tim.o
LOAD ../build/stm32f7xx_hal_tim_ex.o
LOAD ../build/stm32f7xx_hal_uart.o
LOAD ../build/stm32f7xx_hal_uart_ex.o
LOAD ../build/usbd_core.o
LOAD ../build/usbd_ctlreq.o
LOAD ../build/usbd_ioreq.o
LOAD ../build/usbd_hid.o
LOAD ../build/syscalls.o
LOAD ../build/croutine.o
LOAD ../build/event_groups.o
LOAD ../build/list.o
LOAD ../build/queue.o
LOAD ../build/stream_buffer.o
LOAD ../build/tasks.o
LOAD ../build/timers.o
LOAD ../build/heap_4.o
LOAD ../build/port.o
LOAD ../build/usb_device.o
LOAD ../build/usbd_desc.o
LOAD ../build/usbd_conf.o
LOAD ../build/startup_stm32f767xx.o
LOAD c:/program files (x86)/gnu arm embedded toolchain/9 2020-q2-update/bin/../lib/gcc/arm-none-eabi/9.3.1/../../../../arm-none-eabi/lib/thumb/v7e-m+dp/hard\libc_nano.a
LOAD c:/program files (x86)/gnu arm embedded toolchain/9 2020-q2-update/bin/../lib/gcc/arm-none-eabi/9.3.1/../../../../arm-none-eabi/lib/thumb/v7e-m+dp/hard\libm.a
LOAD c:/program files (x86)/gnu arm embedded toolchain/9 2020-q2-update/bin/../lib/gcc/arm-none-eabi/9.3.1/../../../../arm-none-eabi/lib/thumb/v7e-m+dp/hard\libnosys.a
START GROUP
LOAD c:/program files (x86)/gnu arm embedded toolchain/9 2020-q2-update/bin/../lib/gcc/arm-none-eabi/9.3.1/thumb/v7e-m+dp/hard\libgcc.a
LOAD c:/program files (x86)/gnu arm embedded toolchain/9 2020-q2-update/bin/../lib/gcc/arm-none-eabi/9.3.1/../../../../arm-none-eabi/lib/thumb/v7e-m+dp/hard\libc_nano.a
END GROUP
START GROUP
LOAD c:/program files (x86)/gnu arm embedded toolchain/9 2020-q2-update/bin/../lib/gcc/arm-none-eabi/9.3.1/thumb/v7e-m+dp/hard\libgcc.a
LOAD c:/program files (x86)/gnu arm embedded toolchain/9 2020-q2-update/bin/../lib/gcc/arm-none-eabi/9.3.1/../../../../arm-none-eabi/lib/thumb/v7e-m+dp/hard\libc_nano.a
END GROUP
LOAD c:/program files (x86)/gnu arm embedded toolchain/9 2020-q2-update/bin/../lib/gcc/arm-none-eabi/9.3.1/thumb/v7e-m+dp/hard/crtend.o
LOAD c:/program files (x86)/gnu arm embedded toolchain/9 2020-q2-update/bin/../lib/gcc/arm-none-eabi/9.3.1/thumb/v7e-m+dp/hard/crtn.o
                0x20080000                _estack = 0x20080000
                0x00000200                _Min_Heap_Size = 0x200
                0x00000400                _Min_Stack_Size = 0x400

.isr_vector     0x08000000      0x1f8
                0x08000000                . = ALIGN (0x4)
 *(.isr_vector)
 .isr_vector    0x08000000      0x1f8 ../build/startup_stm32f767xx.o
                0x08000000                g_pfnVectors
                0x080001f8                . = ALIGN (0x4)

.text           0x08000200     0x7ef0
                0x08000200                . = ALIGN (0x4)
 *(.text)
 .text          0x08000200       0x40 c:/program files (x86)/gnu arm embedded toolchain/9 2020-q2-update/bin/../lib/gcc/arm-none-eabi/9.3.1/thumb/v7e-m+dp/hard/crtbegin.o
 .text          0x08000240       0xa0 c:/program files (x86)/gnu arm embedded toolchain/9 2020-q2-update/bin/../lib/gcc/arm-none-eabi/9.3.1/../../../../arm-none-eabi/lib/thumb/v7e-m+dp/hard\libc_nano.a(lib_a-memchr.o)
                0x08000240                memchr
 .text          0x080002e0       0x30 c:/program files (x86)/gnu arm embedded toolchain/9 2020-q2-update/bin/../lib/gcc/arm-none-eabi/9.3.1/thumb/v7e-m+dp/hard\libgcc.a(_aeabi_uldivmod.o)
                0x080002e0                __aeabi_uldivmod
 .text          0x08000310      0x2c4 c:/program files (x86)/gnu arm embedded toolchain/9 2020-q2-update/bin/../lib/gcc/arm-none-eabi/9.3.1/thumb/v7e-m+dp/hard\libgcc.a(_udivmoddi4.o)
                0x08000310                __udivmoddi4
 .text          0x080005d4        0x4 c:/program files (x86)/gnu arm embedded toolchain/9 2020-q2-update/bin/../lib/gcc/arm-none-eabi/9.3.1/thumb/v7e-m+dp/hard\libgcc.a(_dvmd_tls.o)
                0x080005d4                __aeabi_idiv0
                0x080005d4                __aeabi_ldiv0
 *(.text*)
 .text.SystemInit
                0x080005d8       0x1c ../build/system_stm32f7xx.o
                0x080005d8                SystemInit
 .text.MX_GPIO_Init
                0x080005f4       0xfc ../build/main.o
 .text.IDLETask_Handler
                0x080006f0        0xc ../build/main.o
                0x080006f0                IDLETask_Handler
 .text.Error_Handler
                0x080006fc       0x10 ../build/main.o
                0x080006fc                Error_Handler
 .text.MX_USART3_UART_Init
                0x0800070c       0x40 ../build/main.o
 .text.SystemClock_Config
                0x0800074c       0xf4 ../build/main.o
                0x0800074c                SystemClock_Config
 .text.main     0x08000840       0x98 ../build/main.o
                0x08000840                main
 .text.GestureDetectorHandler
                0x080008d8        0x2 ../build/Gesture.o
                0x080008d8                GestureDetectorHandler
 *fill*         0x080008da        0x2 
 .text.vApplicationGetIdleTaskMemory
                0x080008dc       0x18 ../build/freertos.o
                0x080008dc                vApplicationGetIdleTaskMemory
 .text.vApplicationGetTimerTaskMemory
                0x080008f4       0x18 ../build/freertos.o
                0x080008f4                vApplicationGetTimerTaskMemory
 .text.vApplicationIdleHook
                0x0800090c        0x4 ../build/freertos.o
                0x0800090c                vApplicationIdleHook
 .text.NMI_Handler
                0x08000910        0x2 ../build/stm32f7xx_it.o
                0x08000910                NMI_Handler
 *fill*         0x08000912        0x2 
 .text.HardFault_Handler
                0x08000914       0x10 ../build/stm32f7xx_it.o
                0x08000914                HardFault_Handler
 .text.MemManage_Handler
                0x08000924       0x10 ../build/stm32f7xx_it.o
                0x08000924                MemManage_Handler
 .text.BusFault_Handler
                0x08000934       0x10 ../build/stm32f7xx_it.o
                0x08000934                BusFault_Handler
 .text.UsageFault_Handler
                0x08000944       0x10 ../build/stm32f7xx_it.o
                0x08000944                UsageFault_Handler
 .text.DebugMon_Handler
                0x08000954        0x2 ../build/stm32f7xx_it.o
                0x08000954                DebugMon_Handler
 .text.SysTick_Handler
                0x08000956       0x16 ../build/stm32f7xx_it.o
                0x08000956                SysTick_Handler
 .text.OTG_FS_IRQHandler
                0x0800096c       0x10 ../build/stm32f7xx_it.o
                0x0800096c                OTG_FS_IRQHandler
 .text.EXTI15_10_IRQHandler
                0x0800097c        0xc ../build/stm32f7xx_it.o
                0x0800097c                EXTI15_10_IRQHandler
 .text.HAL_MspInit
                0x08000988       0x48 ../build/stm32f7xx_hal_msp.o
                0x08000988                HAL_MspInit
 .text.HAL_I2C_MspInit
                0x080009d0       0x54 ../build/stm32f7xx_hal_msp.o
                0x080009d0                HAL_I2C_MspInit
 .text.HAL_UART_MspInit
                0x08000a24       0x70 ../build/stm32f7xx_hal_msp.o
                0x08000a24                HAL_UART_MspInit
 .text._V1_DisplayOff
                0x08000a94       0x34 ../build/6180a1.o
 .text._V1_GPIO_Init
                0x08000ac8       0xcc ../build/6180a1.o
 .text._I2cFailRecover
                0x08000b94      0x11c ../build/6180a1.o
 .text.XNUCLEO6180XA1_GPIO_Init
                0x08000cb0        0x2 ../build/6180a1.o
                0x08000cb0                XNUCLEO6180XA1_GPIO_Init
 *fill*         0x08000cb2        0x2 
 .text.V2_ExpanderRd
                0x08000cb4       0x44 ../build/6180a1.o
                0x08000cb4                V2_ExpanderRd
 .text.V2_ExpanderWR
                0x08000cf8       0x30 ../build/6180a1.o
                0x08000cf8                V2_ExpanderWR
 .text._V2_DisplayOff
                0x08000d28       0x1c ../build/6180a1.o
 .text._V2_GPIO_Init
                0x08000d44       0x7c ../build/6180a1.o
 .text.XNUCLEO6180XA1_I2C1_Init
                0x08000dc0       0xb0 ../build/6180a1.o
                0x08000dc0                XNUCLEO6180XA1_I2C1_Init
 .text.usart_putchar
                0x08000e70       0x24 ../build/uart.o
                0x08000e70                usart_putchar
 .text.PCD_WriteEmptyTxFifo
                0x08000e94       0xd2 ../build/stm32f7xx_hal_pcd.o
 .text.HAL_PCD_Init
                0x08000f66      0x134 ../build/stm32f7xx_hal_pcd.o
                0x08000f66                HAL_PCD_Init
 .text.HAL_PCD_Start
                0x0800109a       0x2a ../build/stm32f7xx_hal_pcd.o
                0x0800109a                HAL_PCD_Start
 .text.PCD_EP_OutXfrComplete_int
                0x080010c4       0xf8 ../build/stm32f7xx_hal_pcd.o
 .text.PCD_EP_OutSetupPacket_int
                0x080011bc       0x50 ../build/stm32f7xx_hal_pcd.o
 .text.HAL_PCD_IRQHandler
                0x0800120c      0x4ee ../build/stm32f7xx_hal_pcd.o
                0x0800120c                HAL_PCD_IRQHandler
 .text.HAL_PCD_SetAddress
                0x080016fa       0x28 ../build/stm32f7xx_hal_pcd.o
                0x080016fa                HAL_PCD_SetAddress
 .text.HAL_PCD_EP_Open
                0x08001722       0x86 ../build/stm32f7xx_hal_pcd.o
                0x08001722                HAL_PCD_EP_Open
 .text.HAL_PCD_EP_Close
                0x080017a8       0x72 ../build/stm32f7xx_hal_pcd.o
                0x080017a8                HAL_PCD_EP_Close
 .text.HAL_PCD_EP_Receive
                0x0800181a       0x5e ../build/stm32f7xx_hal_pcd.o
                0x0800181a                HAL_PCD_EP_Receive
 .text.HAL_PCD_EP_Transmit
                0x08001878       0x56 ../build/stm32f7xx_hal_pcd.o
                0x08001878                HAL_PCD_EP_Transmit
 .text.HAL_PCD_EP_SetStall
                0x080018ce       0x88 ../build/stm32f7xx_hal_pcd.o
                0x080018ce                HAL_PCD_EP_SetStall
 .text.HAL_PCD_EP_ClrStall
                0x08001956       0x76 ../build/stm32f7xx_hal_pcd.o
                0x08001956                HAL_PCD_EP_ClrStall
 .text.HAL_PCDEx_SetTxFiFo
                0x080019cc       0x48 ../build/stm32f7xx_hal_pcd_ex.o
                0x080019cc                HAL_PCDEx_SetTxFiFo
 .text.HAL_PCDEx_SetRxFiFo
                0x08001a14        0x8 ../build/stm32f7xx_hal_pcd_ex.o
                0x08001a14                HAL_PCDEx_SetRxFiFo
 .text.HAL_PCDEx_ActivateLPM
                0x08001a1c       0x28 ../build/stm32f7xx_hal_pcd_ex.o
                0x08001a1c                HAL_PCDEx_ActivateLPM
 .text.USB_CoreReset
                0x08001a44       0x3c ../build/stm32f7xx_ll_usb.o
 .text.USB_CoreInit
                0x08001a80       0x7c ../build/stm32f7xx_ll_usb.o
                0x08001a80                USB_CoreInit
 .text.USB_SetTurnaroundTime
                0x08001afc       0xe4 ../build/stm32f7xx_ll_usb.o
                0x08001afc                USB_SetTurnaroundTime
 .text.USB_EnableGlobalInt
                0x08001be0        0xc ../build/stm32f7xx_ll_usb.o
                0x08001be0                USB_EnableGlobalInt
 .text.USB_DisableGlobalInt
                0x08001bec        0xc ../build/stm32f7xx_ll_usb.o
                0x08001bec                USB_DisableGlobalInt
 .text.USB_SetCurrentMode
                0x08001bf8       0x30 ../build/stm32f7xx_ll_usb.o
                0x08001bf8                USB_SetCurrentMode
 .text.USB_FlushTxFifo
                0x08001c28       0x28 ../build/stm32f7xx_ll_usb.o
                0x08001c28                USB_FlushTxFifo
 .text.USB_FlushRxFifo
                0x08001c50       0x24 ../build/stm32f7xx_ll_usb.o
                0x08001c50                USB_FlushRxFifo
 .text.USB_SetDevSpeed
                0x08001c74        0xe ../build/stm32f7xx_ll_usb.o
                0x08001c74                USB_SetDevSpeed
 *fill*         0x08001c82        0x2 
 .text.USB_DevInit
                0x08001c84      0x1ac ../build/stm32f7xx_ll_usb.o
                0x08001c84                USB_DevInit
 .text.USB_GetDevSpeed
                0x08001e30       0x1e ../build/stm32f7xx_ll_usb.o
                0x08001e30                USB_GetDevSpeed
 *fill*         0x08001e4e        0x2 
 .text.USB_ActivateEndpoint
                0x08001e50       0x90 ../build/stm32f7xx_ll_usb.o
                0x08001e50                USB_ActivateEndpoint
 .text.USB_DeactivateEndpoint
                0x08001ee0       0xdc ../build/stm32f7xx_ll_usb.o
                0x08001ee0                USB_DeactivateEndpoint
 .text.USB_EP0StartXfer
                0x08001fbc      0x118 ../build/stm32f7xx_ll_usb.o
                0x08001fbc                USB_EP0StartXfer
 .text.USB_WritePacket
                0x080020d4       0x28 ../build/stm32f7xx_ll_usb.o
                0x080020d4                USB_WritePacket
 .text.USB_EPStartXfer
                0x080020fc      0x214 ../build/stm32f7xx_ll_usb.o
                0x080020fc                USB_EPStartXfer
 .text.USB_ReadPacket
                0x08002310       0x22 ../build/stm32f7xx_ll_usb.o
                0x08002310                USB_ReadPacket
 .text.USB_EPSetStall
                0x08002332       0x5a ../build/stm32f7xx_ll_usb.o
                0x08002332                USB_EPSetStall
 .text.USB_EPClearStall
                0x0800238c       0x5c ../build/stm32f7xx_ll_usb.o
                0x0800238c                USB_EPClearStall
 .text.USB_SetDevAddress
                0x080023e8       0x20 ../build/stm32f7xx_ll_usb.o
                0x080023e8                USB_SetDevAddress
 .text.USB_DevConnect
                0x08002408       0x18 ../build/stm32f7xx_ll_usb.o
                0x08002408                USB_DevConnect
 .text.USB_DevDisconnect
                0x08002420       0x18 ../build/stm32f7xx_ll_usb.o
                0x08002420                USB_DevDisconnect
 .text.USB_ReadInterrupts
                0x08002438        0x8 ../build/stm32f7xx_ll_usb.o
                0x08002438                USB_ReadInterrupts
 .text.USB_ReadDevAllOutEpInterrupt
                0x08002440       0x10 ../build/stm32f7xx_ll_usb.o
                0x08002440                USB_ReadDevAllOutEpInterrupt
 .text.USB_ReadDevAllInEpInterrupt
                0x08002450       0x10 ../build/stm32f7xx_ll_usb.o
                0x08002450                USB_ReadDevAllInEpInterrupt
 .text.USB_ReadDevOutEPInterrupt
                0x08002460       0x12 ../build/stm32f7xx_ll_usb.o
                0x08002460                USB_ReadDevOutEPInterrupt
 .text.USB_ReadDevInEPInterrupt
                0x08002472       0x28 ../build/stm32f7xx_ll_usb.o
                0x08002472                USB_ReadDevInEPInterrupt
 .text.USB_GetMode
                0x0800249a        0x8 ../build/stm32f7xx_ll_usb.o
                0x0800249a                USB_GetMode
 *fill*         0x080024a2        0x2 
 .text.USB_ActivateSetup
                0x080024a4       0x20 ../build/stm32f7xx_ll_usb.o
                0x080024a4                USB_ActivateSetup
 .text.USB_EP0_OutStart
                0x080024c4       0x60 ../build/stm32f7xx_ll_usb.o
                0x080024c4                USB_EP0_OutStart
 .text.HAL_RCC_OscConfig
                0x08002524      0x444 ../build/stm32f7xx_hal_rcc.o
                0x08002524                HAL_RCC_OscConfig
 .text.HAL_RCC_GetSysClockFreq
                0x08002968       0xcc ../build/stm32f7xx_hal_rcc.o
                0x08002968                HAL_RCC_GetSysClockFreq
 .text.HAL_RCC_ClockConfig
                0x08002a34      0x16c ../build/stm32f7xx_hal_rcc.o
                0x08002a34                HAL_RCC_ClockConfig
 .text.HAL_RCC_GetHCLKFreq
                0x08002ba0        0xc ../build/stm32f7xx_hal_rcc.o
                0x08002ba0                HAL_RCC_GetHCLKFreq
 .text.HAL_RCC_GetPCLK1Freq
                0x08002bac       0x20 ../build/stm32f7xx_hal_rcc.o
                0x08002bac                HAL_RCC_GetPCLK1Freq
 .text.HAL_RCC_GetPCLK2Freq
                0x08002bcc       0x20 ../build/stm32f7xx_hal_rcc.o
                0x08002bcc                HAL_RCC_GetPCLK2Freq
 .text.HAL_RCCEx_PeriphCLKConfig
                0x08002bec      0x604 ../build/stm32f7xx_hal_rcc_ex.o
                0x08002bec                HAL_RCCEx_PeriphCLKConfig
 .text.HAL_GPIO_Init
                0x080031f0      0x1e0 ../build/stm32f7xx_hal_gpio.o
                0x080031f0                HAL_GPIO_Init
 .text.HAL_GPIO_ReadPin
                0x080033d0        0xe ../build/stm32f7xx_hal_gpio.o
                0x080033d0                HAL_GPIO_ReadPin
 .text.HAL_GPIO_WritePin
                0x080033de        0xc ../build/stm32f7xx_hal_gpio.o
                0x080033de                HAL_GPIO_WritePin
 .text.HAL_GPIO_EXTI_Callback
                0x080033ea        0x2 ../build/stm32f7xx_hal_gpio.o
                0x080033ea                HAL_GPIO_EXTI_Callback
 .text.HAL_GPIO_EXTI_IRQHandler
                0x080033ec       0x1c ../build/stm32f7xx_hal_gpio.o
                0x080033ec                HAL_GPIO_EXTI_IRQHandler
 .text.HAL_PWR_EnableBkUpAccess
                0x08003408       0x10 ../build/stm32f7xx_hal_pwr.o
                0x08003408                HAL_PWR_EnableBkUpAccess
 .text.HAL_PWREx_EnableOverDrive
                0x08003418       0x7c ../build/stm32f7xx_hal_pwr_ex.o
                0x08003418                HAL_PWREx_EnableOverDrive
 .text.HAL_NVIC_SetPriorityGrouping
                0x08003494       0x24 ../build/stm32f7xx_hal_cortex.o
                0x08003494                HAL_NVIC_SetPriorityGrouping
 .text.HAL_NVIC_SetPriority
                0x080034b8       0x64 ../build/stm32f7xx_hal_cortex.o
                0x080034b8                HAL_NVIC_SetPriority
 .text.HAL_NVIC_EnableIRQ
                0x0800351c       0x1c ../build/stm32f7xx_hal_cortex.o
                0x0800351c                HAL_NVIC_EnableIRQ
 .text.HAL_SYSTICK_Config
                0x08003538       0x2c ../build/stm32f7xx_hal_cortex.o
                0x08003538                HAL_SYSTICK_Config
 .text.HAL_InitTick
                0x08003564       0x4c ../build/stm32f7xx_hal.o
                0x08003564                HAL_InitTick
 .text.HAL_Init
                0x080035b0       0x16 ../build/stm32f7xx_hal.o
                0x080035b0                HAL_Init
 *fill*         0x080035c6        0x2 
 .text.HAL_IncTick
                0x080035c8       0x18 ../build/stm32f7xx_hal.o
                0x080035c8                HAL_IncTick
 .text.HAL_GetTick
                0x080035e0        0xc ../build/stm32f7xx_hal.o
                0x080035e0                HAL_GetTick
 .text.HAL_Delay
                0x080035ec       0x28 ../build/stm32f7xx_hal.o
                0x080035ec                HAL_Delay
 .text.I2C_Flush_TXDR
                0x08003614       0x22 ../build/stm32f7xx_hal_i2c.o
 .text.I2C_TransferConfig
                0x08003636       0x36 ../build/stm32f7xx_hal_i2c.o
 .text.I2C_IsAcknowledgeFailed
                0x0800366c       0x90 ../build/stm32f7xx_hal_i2c.o
 .text.I2C_WaitOnTXISFlagUntilTimeout
                0x080036fc       0x56 ../build/stm32f7xx_hal_i2c.o
 .text.I2C_WaitOnFlagUntilTimeout
                0x08003752       0x56 ../build/stm32f7xx_hal_i2c.o
 .text.I2C_WaitOnSTOPFlagUntilTimeout
                0x080037a8       0x50 ../build/stm32f7xx_hal_i2c.o
 .text.I2C_WaitOnRXNEFlagUntilTimeout
                0x080037f8       0x98 ../build/stm32f7xx_hal_i2c.o
 .text.HAL_I2C_Init
                0x08003890       0xbc ../build/stm32f7xx_hal_i2c.o
                0x08003890                HAL_I2C_Init
 .text.HAL_I2C_Master_Transmit
                0x0800394c      0x17c ../build/stm32f7xx_hal_i2c.o
                0x0800394c                HAL_I2C_Master_Transmit
 .text.HAL_I2C_Master_Receive
                0x08003ac8      0x17c ../build/stm32f7xx_hal_i2c.o
                0x08003ac8                HAL_I2C_Master_Receive
 .text.UART_SetConfig
                0x08003c44      0x3a0 ../build/stm32f7xx_hal_uart.o
                0x08003c44                UART_SetConfig
 .text.UART_AdvFeatureConfig
                0x08003fe4       0xca ../build/stm32f7xx_hal_uart.o
                0x08003fe4                UART_AdvFeatureConfig
 .text.UART_WaitOnFlagUntilTimeout
                0x080040ae       0xa2 ../build/stm32f7xx_hal_uart.o
                0x080040ae                UART_WaitOnFlagUntilTimeout
 .text.HAL_UART_Transmit
                0x08004150       0xda ../build/stm32f7xx_hal_uart.o
                0x08004150                HAL_UART_Transmit
 .text.UART_CheckIdleState
                0x0800422a       0x6c ../build/stm32f7xx_hal_uart.o
                0x0800422a                UART_CheckIdleState
 .text.HAL_UART_Init
                0x08004296       0x62 ../build/stm32f7xx_hal_uart.o
                0x08004296                HAL_UART_Init
 .text.USBD_Init
                0x080042f8       0x38 ../build/usbd_core.o
                0x080042f8                USBD_Init
 .text.USBD_RegisterClass
                0x08004330       0x28 ../build/usbd_core.o
                0x08004330                USBD_RegisterClass
 .text.USBD_Start
                0x08004358        0x8 ../build/usbd_core.o
                0x08004358                USBD_Start
 .text.USBD_SetClassConfig
                0x08004360       0x12 ../build/usbd_core.o
                0x08004360                USBD_SetClassConfig
 .text.USBD_ClrClassConfig
                0x08004372       0x10 ../build/usbd_core.o
                0x08004372                USBD_ClrClassConfig
 .text.USBD_LL_SetupStage
                0x08004382       0x58 ../build/usbd_core.o
                0x08004382                USBD_LL_SetupStage
 .text.USBD_LL_DataOutStage
                0x080043da       0x72 ../build/usbd_core.o
                0x080043da                USBD_LL_DataOutStage
 .text.USBD_LL_DataInStage
                0x0800444c       0xb8 ../build/usbd_core.o
                0x0800444c                USBD_LL_DataInStage
 .text.USBD_LL_Reset
                0x08004504       0x52 ../build/usbd_core.o
                0x08004504                USBD_LL_Reset
 .text.USBD_LL_SetSpeed
                0x08004556        0x6 ../build/usbd_core.o
                0x08004556                USBD_LL_SetSpeed
 .text.USBD_LL_Suspend
                0x0800455c       0x12 ../build/usbd_core.o
                0x0800455c                USBD_LL_Suspend
 .text.USBD_LL_Resume
                0x0800456e       0x16 ../build/usbd_core.o
                0x0800456e                USBD_LL_Resume
 .text.USBD_LL_SOF
                0x08004584       0x1c ../build/usbd_core.o
                0x08004584                USBD_LL_SOF
 .text.USBD_LL_IsoINIncomplete
                0x080045a0        0x4 ../build/usbd_core.o
                0x080045a0                USBD_LL_IsoINIncomplete
 .text.USBD_LL_IsoOUTIncomplete
                0x080045a4        0x4 ../build/usbd_core.o
                0x080045a4                USBD_LL_IsoOUTIncomplete
 .text.USBD_LL_DevConnected
                0x080045a8        0x4 ../build/usbd_core.o
                0x080045a8                USBD_LL_DevConnected
 .text.USBD_LL_DevDisconnected
                0x080045ac       0x18 ../build/usbd_core.o
                0x080045ac                USBD_LL_DevDisconnected
 .text.USBD_GetLen
                0x080045c4       0x12 ../build/usbd_ctlreq.o
 .text.USBD_SetFeature
                0x080045d6       0x14 ../build/usbd_ctlreq.o
 .text.USBD_ParseSetupRequest
                0x080045ea       0x28 ../build/usbd_ctlreq.o
                0x080045ea                USBD_ParseSetupRequest
 .text.USBD_CtlError
                0x08004612       0x14 ../build/usbd_ctlreq.o
                0x08004612                USBD_CtlError
 .text.USBD_GetDescriptor
                0x08004626      0x1ac ../build/usbd_ctlreq.o
 .text.USBD_SetAddress
                0x080047d2       0x4e ../build/usbd_ctlreq.o
 .text.USBD_SetConfig
                0x08004820       0xc4 ../build/usbd_ctlreq.o
 .text.USBD_GetConfig
                0x080048e4       0x3e ../build/usbd_ctlreq.o
 .text.USBD_GetStatus
                0x08004922       0x38 ../build/usbd_ctlreq.o
 .text.USBD_ClrFeature
                0x0800495a       0x26 ../build/usbd_ctlreq.o
 .text.USBD_StdDevReq
                0x08004980       0x70 ../build/usbd_ctlreq.o
                0x08004980                USBD_StdDevReq
 .text.USBD_StdItfReq
                0x080049f0       0x68 ../build/usbd_ctlreq.o
                0x080049f0                USBD_StdItfReq
 .text.USBD_StdEPReq
                0x08004a58      0x212 ../build/usbd_ctlreq.o
                0x08004a58                USBD_StdEPReq
 .text.USBD_GetString
                0x08004c6a       0x36 ../build/usbd_ctlreq.o
                0x08004c6a                USBD_GetString
 .text.USBD_CtlSendData
                0x08004ca0       0x1a ../build/usbd_ioreq.o
                0x08004ca0                USBD_CtlSendData
 .text.USBD_CtlContinueSendData
                0x08004cba       0x10 ../build/usbd_ioreq.o
                0x08004cba                USBD_CtlContinueSendData
 .text.USBD_CtlContinueRx
                0x08004cca       0x10 ../build/usbd_ioreq.o
                0x08004cca                USBD_CtlContinueRx
 .text.USBD_CtlSendStatus
                0x08004cda       0x16 ../build/usbd_ioreq.o
                0x08004cda                USBD_CtlSendStatus
 .text.USBD_CtlReceiveStatus
                0x08004cf0       0x16 ../build/usbd_ioreq.o
                0x08004cf0                USBD_CtlReceiveStatus
 *fill*         0x08004d06        0x2 
 .text.USBD_HID_GetFSCfgDesc
                0x08004d08        0xc ../build/usbd_hid.o
 .text.USBD_HID_GetHSCfgDesc
                0x08004d14        0xc ../build/usbd_hid.o
 .text.USBD_HID_GetOtherSpeedCfgDesc
                0x08004d20        0xc ../build/usbd_hid.o
 .text.USBD_HID_DataIn
                0x08004d2c        0xa ../build/usbd_hid.o
 *fill*         0x08004d36        0x2 
 .text.USBD_HID_GetDeviceQualifierDesc
                0x08004d38        0xc ../build/usbd_hid.o
 .text.USBD_HID_Setup
                0x08004d44      0x114 ../build/usbd_hid.o
 .text.USBD_HID_DeInit
                0x08004e58       0x24 ../build/usbd_hid.o
 .text.USBD_HID_Init
                0x08004e7c       0x40 ../build/usbd_hid.o
 .text._write   0x08004ebc       0x1c ../build/syscalls.o
                0x08004ebc                _write
 .text.vListInitialise
                0x08004ed8       0x16 ../build/list.o
                0x08004ed8                vListInitialise
 .text.vListInitialiseItem
                0x08004eee        0x6 ../build/list.o
                0x08004eee                vListInitialiseItem
 .text.vListInsertEnd
                0x08004ef4       0x16 ../build/list.o
                0x08004ef4                vListInsertEnd
 .text.vListInsert
                0x08004f0a       0x32 ../build/list.o
                0x08004f0a                vListInsert
 .text.uxListRemove
                0x08004f3c       0x26 ../build/list.o
                0x08004f3c                uxListRemove
 .text.prvIsQueueFull
                0x08004f62       0x1e ../build/queue.o
 .text.prvIsQueueEmpty
                0x08004f80       0x1a ../build/queue.o
 .text.prvCopyDataToQueue
                0x08004f9a       0x76 ../build/queue.o
 .text.prvCopyDataFromQueue
                0x08005010       0x24 ../build/queue.o
 .text.prvUnlockQueue
                0x08005034       0x6e ../build/queue.o
 *fill*         0x080050a2        0x2 
 .text.xQueueGenericReset
                0x080050a4       0x88 ../build/queue.o
                0x080050a4                xQueueGenericReset
 .text.prvInitialiseNewQueue
                0x0800512c       0x22 ../build/queue.o
 .text.xQueueGenericCreateStatic
                0x0800514e       0xb6 ../build/queue.o
                0x0800514e                xQueueGenericCreateStatic
 .text.xQueueGenericSend
                0x08005204      0x190 ../build/queue.o
                0x08005204                xQueueGenericSend
 .text.xQueueGenericSendFromISR
                0x08005394       0xfa ../build/queue.o
                0x08005394                xQueueGenericSendFromISR
 *fill*         0x0800548e        0x2 
 .text.xQueueReceive
                0x08005490      0x168 ../build/queue.o
                0x08005490                xQueueReceive
 .text.vQueueAddToRegistry
                0x080055f8       0x60 ../build/queue.o
                0x080055f8                vQueueAddToRegistry
 .text.vQueueWaitForMessageRestricted
                0x08005658       0x52 ../build/queue.o
                0x08005658                vQueueWaitForMessageRestricted
 *fill*         0x080056aa        0x2 
 .text.prvResetNextTaskUnblockTime
                0x080056ac       0x28 ../build/tasks.o
 .text.prvInitialiseNewTask
                0x080056d4       0x9a ../build/tasks.o
 *fill*         0x0800576e        0x2 
 .text.prvInitialiseTaskLists
                0x08005770       0x68 ../build/tasks.o
 .text.prvAddNewTaskToReadyList
                0x080057d8       0xac ../build/tasks.o
 .text.prvDeleteTCB
                0x08005884       0x3c ../build/tasks.o
 .text.prvCheckTasksWaitingTermination
                0x080058c0       0x4c ../build/tasks.o
 .text.prvAddCurrentTaskToDelayedList
                0x0800590c       0x84 ../build/tasks.o
 .text.prvIdleTask
                0x08005990       0x30 ../build/tasks.o
 .text.xTaskCreateStatic
                0x080059c0       0x80 ../build/tasks.o
                0x080059c0                xTaskCreateStatic
 .text.xTaskCreate
                0x08005a40       0x68 ../build/tasks.o
                0x08005a40                xTaskCreate
 .text.vTaskStartScheduler
                0x08005aa8       0xa4 ../build/tasks.o
                0x08005aa8                vTaskStartScheduler
 .text.vTaskSuspendAll
                0x08005b4c       0x10 ../build/tasks.o
                0x08005b4c                vTaskSuspendAll
 .text.xTaskGetTickCount
                0x08005b5c        0xc ../build/tasks.o
                0x08005b5c                xTaskGetTickCount
 .text.xTaskIncrementTick
                0x08005b68      0x120 ../build/tasks.o
                0x08005b68                xTaskIncrementTick
 .text.xTaskResumeAll
                0x08005c88       0xfc ../build/tasks.o
                0x08005c88                xTaskResumeAll
 .text.vTaskDelay
                0x08005d84       0x50 ../build/tasks.o
                0x08005d84                vTaskDelay
 .text.vTaskSwitchContext
                0x08005dd4       0x9c ../build/tasks.o
                0x08005dd4                vTaskSwitchContext
 .text.vTaskPlaceOnEventList
                0x08005e70       0x34 ../build/tasks.o
                0x08005e70                vTaskPlaceOnEventList
 .text.vTaskPlaceOnEventListRestricted
                0x08005ea4       0x3c ../build/tasks.o
                0x08005ea4                vTaskPlaceOnEventListRestricted
 .text.xTaskRemoveFromEventList
                0x08005ee0       0x90 ../build/tasks.o
                0x08005ee0                xTaskRemoveFromEventList
 .text.vTaskInternalSetTimeOutState
                0x08005f70       0x18 ../build/tasks.o
                0x08005f70                vTaskInternalSetTimeOutState
 .text.xTaskCheckForTimeOut
                0x08005f88       0x90 ../build/tasks.o
                0x08005f88                xTaskCheckForTimeOut
 .text.vTaskMissedYield
                0x08006018        0xc ../build/tasks.o
                0x08006018                vTaskMissedYield
 .text.xTaskGetSchedulerState
                0x08006024       0x20 ../build/tasks.o
                0x08006024                xTaskGetSchedulerState
 .text.xTaskPriorityDisinherit
                0x08006044       0x98 ../build/tasks.o
                0x08006044                xTaskPriorityDisinherit
 .text.prvGetNextExpireTime
                0x080060dc       0x20 ../build/timers.o
 .text.prvInsertTimerInActiveList
                0x080060fc       0x50 ../build/timers.o
 .text.prvCheckForValidListAndQueue
                0x0800614c       0x70 ../build/timers.o
 .text.xTimerCreateTimerTask
                0x080061bc       0x68 ../build/timers.o
                0x080061bc                xTimerCreateTimerTask
 .text.xTimerGenericCommand
                0x08006224       0x70 ../build/timers.o
                0x08006224                xTimerGenericCommand
 .text.prvSwitchTimerLists
                0x08006294       0x80 ../build/timers.o
 .text.prvSampleTimeNow
                0x08006314       0x2c ../build/timers.o
 .text.prvProcessExpiredTimer
                0x08006340       0x70 ../build/timers.o
 .text.prvProcessTimerOrBlockTask
                0x080063b0       0x80 ../build/timers.o
 .text.prvProcessReceivedCommands
                0x08006430      0x114 ../build/timers.o
 .text.prvTimerTask
                0x08006544       0x16 ../build/timers.o
 *fill*         0x0800655a        0x2 
 .text.prvHeapInit
                0x0800655c       0x64 ../build/heap_4.o
 .text.prvInsertBlockIntoFreeList
                0x080065c0       0x58 ../build/heap_4.o
 .text.pvPortMalloc
                0x08006618      0x118 ../build/heap_4.o
                0x08006618                pvPortMalloc
 .text.vPortFree
                0x08006730       0x84 ../build/heap_4.o
                0x08006730                vPortFree
 .text.prvTaskExitError
                0x080067b4       0x48 ../build/port.o
 .text.prvPortStartFirstTask
                0x080067fc       0x28 ../build/port.o
 .text.vPortEnableVFP
                0x08006824       0x14 ../build/port.o
 .text.pxPortInitialiseStack
                0x08006838       0x2c ../build/port.o
                0x08006838                pxPortInitialiseStack
 *fill*         0x08006864        0xc 
 .text.SVC_Handler
                0x08006870       0x24 ../build/port.o
                0x08006870                SVC_Handler
 .text.vPortEnterCritical
                0x08006894       0x4c ../build/port.o
                0x08006894                vPortEnterCritical
 .text.vPortExitCritical
                0x080068e0       0x30 ../build/port.o
                0x080068e0                vPortExitCritical
 .text.PendSV_Handler
                0x08006910       0x64 ../build/port.o
                0x08006910                PendSV_Handler
 .text.xPortSysTickHandler
                0x08006974       0x30 ../build/port.o
                0x08006974                xPortSysTickHandler
 .text.vPortSetupTimerInterrupt
                0x080069a4       0x38 ../build/port.o
                0x080069a4                vPortSetupTimerInterrupt
 .text.xPortStartScheduler
                0x080069dc       0xd0 ../build/port.o
                0x080069dc                xPortStartScheduler
 .text.vPortValidateInterruptPriority
                0x08006aac       0x64 ../build/port.o
                0x08006aac                vPortValidateInterruptPriority
 .text.USBD_HID_GetPos
                0x08006b10       0x14 ../build/usb_device.o
 .text.MX_USB_DEVICE_Init
                0x08006b24       0x54 ../build/usb_device.o
                0x08006b24                MX_USB_DEVICE_Init
 .text.USBDeviceReportHandler
                0x08006b78       0x12 ../build/usb_device.o
                0x08006b78                USBDeviceReportHandler
 *fill*         0x08006b8a        0x2 
 .text.USBD_FS_DeviceDescriptor
                0x08006b8c        0xc ../build/usbd_desc.o
                0x08006b8c                USBD_FS_DeviceDescriptor
 .text.USBD_FS_LangIDStrDescriptor
                0x08006b98        0xc ../build/usbd_desc.o
                0x08006b98                USBD_FS_LangIDStrDescriptor
 .text.USBD_FS_USR_BOSDescriptor
                0x08006ba4        0xc ../build/usbd_desc.o
                0x08006ba4                USBD_FS_USR_BOSDescriptor
 .text.IntToUnicode
                0x08006bb0       0x38 ../build/usbd_desc.o
 .text.Get_SerialNum
                0x08006be8       0x34 ../build/usbd_desc.o
 .text.USBD_FS_SerialStrDescriptor
                0x08006c1c       0x14 ../build/usbd_desc.o
                0x08006c1c                USBD_FS_SerialStrDescriptor
 .text.USBD_FS_ProductStrDescriptor
                0x08006c30       0x24 ../build/usbd_desc.o
                0x08006c30                USBD_FS_ProductStrDescriptor
 .text.USBD_FS_ManufacturerStrDescriptor
                0x08006c54       0x1c ../build/usbd_desc.o
                0x08006c54                USBD_FS_ManufacturerStrDescriptor
 .text.USBD_FS_ConfigStrDescriptor
                0x08006c70       0x24 ../build/usbd_desc.o
                0x08006c70                USBD_FS_ConfigStrDescriptor
 .text.USBD_FS_InterfaceStrDescriptor
                0x08006c94       0x24 ../build/usbd_desc.o
                0x08006c94                USBD_FS_InterfaceStrDescriptor
 .text.SystemClockConfig_Resume
                0x08006cb8        0x8 ../build/usbd_conf.o
 .text.HAL_PCD_MspInit
                0x08006cc0       0xa0 ../build/usbd_conf.o
                0x08006cc0                HAL_PCD_MspInit
 .text.HAL_PCD_SetupStageCallback
                0x08006d60       0x10 ../build/usbd_conf.o
                0x08006d60                HAL_PCD_SetupStageCallback
 .text.HAL_PCD_DataOutStageCallback
                0x08006d70       0x18 ../build/usbd_conf.o
                0x08006d70                HAL_PCD_DataOutStageCallback
 .text.HAL_PCD_DataInStageCallback
                0x08006d88       0x16 ../build/usbd_conf.o
                0x08006d88                HAL_PCD_DataInStageCallback
 .text.HAL_PCD_SOFCallback
                0x08006d9e        0xc ../build/usbd_conf.o
                0x08006d9e                HAL_PCD_SOFCallback
 *fill*         0x08006daa        0x2 
 .text.HAL_PCD_ResetCallback
                0x08006dac       0x34 ../build/usbd_conf.o
                0x08006dac                HAL_PCD_ResetCallback
 .text.HAL_PCD_SuspendCallback
                0x08006de0       0x30 ../build/usbd_conf.o
                0x08006de0                HAL_PCD_SuspendCallback
 .text.HAL_PCD_ResumeCallback
                0x08006e10        0xc ../build/usbd_conf.o
                0x08006e10                HAL_PCD_ResumeCallback
 .text.HAL_PCD_ISOOUTIncompleteCallback
                0x08006e1c        0xc ../build/usbd_conf.o
                0x08006e1c                HAL_PCD_ISOOUTIncompleteCallback
 .text.HAL_PCD_ISOINIncompleteCallback
                0x08006e28        0xc ../build/usbd_conf.o
                0x08006e28                HAL_PCD_ISOINIncompleteCallback
 .text.HAL_PCD_ConnectCallback
                0x08006e34        0xc ../build/usbd_conf.o
                0x08006e34                HAL_PCD_ConnectCallback
 .text.HAL_PCD_DisconnectCallback
                0x08006e40        0xc ../build/usbd_conf.o
                0x08006e40                HAL_PCD_DisconnectCallback
 .text.USBD_LL_Init
                0x08006e4c       0x70 ../build/usbd_conf.o
                0x08006e4c                USBD_LL_Init
 .text.USBD_LL_IsStallEP
                0x08006ebc       0x2e ../build/usbd_conf.o
                0x08006ebc                USBD_LL_IsStallEP
 *fill*         0x08006eea        0x2 
 .text.HAL_PCDEx_LPM_Callback
                0x08006eec       0x64 ../build/usbd_conf.o
                0x08006eec                HAL_PCDEx_LPM_Callback
 .text.USBD_Get_USB_Status
                0x08006f50       0x14 ../build/usbd_conf.o
                0x08006f50                USBD_Get_USB_Status
 .text.USBD_LL_Start
                0x08006f64       0x10 ../build/usbd_conf.o
                0x08006f64                USBD_LL_Start
 .text.USBD_LL_OpenEP
                0x08006f74       0x16 ../build/usbd_conf.o
                0x08006f74                USBD_LL_OpenEP
 .text.USBD_LL_CloseEP
                0x08006f8a       0x10 ../build/usbd_conf.o
                0x08006f8a                USBD_LL_CloseEP
 .text.USBD_LL_StallEP
                0x08006f9a       0x10 ../build/usbd_conf.o
                0x08006f9a                USBD_LL_StallEP
 .text.USBD_LL_ClearStallEP
                0x08006faa       0x10 ../build/usbd_conf.o
                0x08006faa                USBD_LL_ClearStallEP
 .text.USBD_LL_SetUSBAddress
                0x08006fba       0x10 ../build/usbd_conf.o
                0x08006fba                USBD_LL_SetUSBAddress
 .text.USBD_LL_Transmit
                0x08006fca       0x10 ../build/usbd_conf.o
                0x08006fca                USBD_LL_Transmit
 .text.USBD_LL_PrepareReceive
                0x08006fda       0x10 ../build/usbd_conf.o
                0x08006fda                USBD_LL_PrepareReceive
 *fill*         0x08006fea        0x2 
 .text.Reset_Handler
                0x08006fec       0x50 ../build/startup_stm32f767xx.o
                0x08006fec                Reset_Handler
 .text.Default_Handler
                0x0800703c        0x2 ../build/startup_stm32f767xx.o
                0x0800703c                RTC_Alarm_IRQHandler
                0x0800703c                EXTI2_IRQHandler
                0x0800703c                TIM8_CC_IRQHandler
                0x0800703c                UART8_IRQHandler
                0x0800703c                SPI4_IRQHandler
                0x0800703c                TIM1_CC_IRQHandler
                0x0800703c                DMA2_Stream5_IRQHandler
                0x0800703c                JPEG_IRQHandler
                0x0800703c                DMA1_Stream5_IRQHandler
                0x0800703c                CAN3_RX1_IRQHandler
                0x0800703c                PVD_IRQHandler
                0x0800703c                TAMP_STAMP_IRQHandler
                0x0800703c                CAN2_RX1_IRQHandler
                0x0800703c                EXTI3_IRQHandler
                0x0800703c                TIM8_TRG_COM_TIM14_IRQHandler
                0x0800703c                DFSDM1_FLT1_IRQHandler
                0x0800703c                TIM1_UP_TIM10_IRQHandler
                0x0800703c                TIM8_UP_TIM13_IRQHandler
                0x0800703c                I2C3_ER_IRQHandler
                0x0800703c                DFSDM1_FLT2_IRQHandler
                0x0800703c                EXTI0_IRQHandler
                0x0800703c                I2C2_EV_IRQHandler
                0x0800703c                DMA1_Stream2_IRQHandler
                0x0800703c                CAN1_RX0_IRQHandler
                0x0800703c                FPU_IRQHandler
                0x0800703c                OTG_HS_WKUP_IRQHandler
                0x0800703c                CAN3_SCE_IRQHandler
                0x0800703c                LTDC_ER_IRQHandler
                0x0800703c                CAN2_SCE_IRQHandler
                0x0800703c                DMA2_Stream2_IRQHandler
                0x0800703c                SPI1_IRQHandler
                0x0800703c                TIM6_DAC_IRQHandler
                0x0800703c                TIM1_BRK_TIM9_IRQHandler
                0x0800703c                DCMI_IRQHandler
                0x0800703c                CAN2_RX0_IRQHandler
                0x0800703c                DMA2_Stream3_IRQHandler
                0x0800703c                SAI2_IRQHandler
                0x0800703c                DFSDM1_FLT3_IRQHandler
                0x0800703c                USART6_IRQHandler
                0x0800703c                CAN3_RX0_IRQHandler
                0x0800703c                USART3_IRQHandler
                0x0800703c                CAN1_RX1_IRQHandler
                0x0800703c                UART5_IRQHandler
                0x0800703c                DMA2_Stream0_IRQHandler
                0x0800703c                TIM4_IRQHandler
                0x0800703c                QUADSPI_IRQHandler
                0x0800703c                I2C1_EV_IRQHandler
                0x0800703c                DMA1_Stream6_IRQHandler
                0x0800703c                DMA1_Stream1_IRQHandler
                0x0800703c                UART4_IRQHandler
                0x0800703c                TIM3_IRQHandler
                0x0800703c                RCC_IRQHandler
                0x0800703c                TIM8_BRK_TIM12_IRQHandler
                0x0800703c                Default_Handler
                0x0800703c                CEC_IRQHandler
                0x0800703c                ADC_IRQHandler
                0x0800703c                DMA1_Stream7_IRQHandler
                0x0800703c                SPI5_IRQHandler
                0x0800703c                TIM7_IRQHandler
                0x0800703c                SDMMC1_IRQHandler
                0x0800703c                CAN2_TX_IRQHandler
                0x0800703c                TIM5_IRQHandler
                0x0800703c                DMA2_Stream7_IRQHandler
                0x0800703c                I2C3_EV_IRQHandler
                0x0800703c                EXTI9_5_IRQHandler
                0x0800703c                RTC_WKUP_IRQHandler
                0x0800703c                LTDC_IRQHandler
                0x0800703c                ETH_WKUP_IRQHandler
                0x0800703c                SPDIF_RX_IRQHandler
                0x0800703c                SPI2_IRQHandler
                0x0800703c                OTG_HS_EP1_IN_IRQHandler
                0x0800703c                DMA1_Stream0_IRQHandler
                0x0800703c                CAN1_TX_IRQHandler
                0x0800703c                EXTI4_IRQHandler
                0x0800703c                RNG_IRQHandler
                0x0800703c                ETH_IRQHandler
                0x0800703c                OTG_HS_EP1_OUT_IRQHandler
                0x0800703c                WWDG_IRQHandler
                0x0800703c                SPI6_IRQHandler
                0x0800703c                MDIOS_IRQHandler
                0x0800703c                I2C4_EV_IRQHandler
                0x0800703c                CAN3_TX_IRQHandler
                0x0800703c                TIM2_IRQHandler
                0x0800703c                OTG_FS_WKUP_IRQHandler
                0x0800703c                TIM1_TRG_COM_TIM11_IRQHandler
                0x0800703c                OTG_HS_IRQHandler
                0x0800703c                DMA2D_IRQHandler
                0x0800703c                EXTI1_IRQHandler
                0x0800703c                SDMMC2_IRQHandler
                0x0800703c                UART7_IRQHandler
                0x0800703c                USART2_IRQHandler
                0x0800703c                DFSDM1_FLT0_IRQHandler
                0x0800703c                I2C2_ER_IRQHandler
                0x0800703c                DMA2_Stream1_IRQHandler
                0x0800703c                CAN1_SCE_IRQHandler
                0x0800703c                FLASH_IRQHandler
                0x0800703c                DMA2_Stream4_IRQHandler
                0x0800703c                USART1_IRQHandler
                0x0800703c                SPI3_IRQHandler
                0x0800703c                DMA1_Stream4_IRQHandler
                0x0800703c                I2C1_ER_IRQHandler
                0x0800703c                FMC_IRQHandler
                0x0800703c                LPTIM1_IRQHandler
                0x0800703c                I2C4_ER_IRQHandler
                0x0800703c                DMA2_Stream6_IRQHandler
                0x0800703c                SAI1_IRQHandler
                0x0800703c                DMA1_Stream3_IRQHandler
 *fill*         0x0800703e        0x2 
 .text.__libc_init_array
                0x08007040       0x48 c:/program files (x86)/gnu arm embedded toolchain/9 2020-q2-update/bin/../lib/gcc/arm-none-eabi/9.3.1/../../../../arm-none-eabi/lib/thumb/v7e-m+dp/hard\libc_nano.a(lib_a-init.o)
                0x08007040                __libc_init_array
 .text.malloc   0x08007088       0x10 c:/program files (x86)/gnu arm embedded toolchain/9 2020-q2-update/bin/../lib/gcc/arm-none-eabi/9.3.1/../../../../arm-none-eabi/lib/thumb/v7e-m+dp/hard\libc_nano.a(lib_a-malloc.o)
                0x08007088                malloc
 .text.free     0x08007098       0x10 c:/program files (x86)/gnu arm embedded toolchain/9 2020-q2-update/bin/../lib/gcc/arm-none-eabi/9.3.1/../../../../arm-none-eabi/lib/thumb/v7e-m+dp/hard\libc_nano.a(lib_a-malloc.o)
                0x08007098                free
 .text.memcpy   0x080070a8       0x1c c:/program files (x86)/gnu arm embedded toolchain/9 2020-q2-update/bin/../lib/gcc/arm-none-eabi/9.3.1/../../../../arm-none-eabi/lib/thumb/v7e-m+dp/hard\libc_nano.a(lib_a-memcpy-stub.o)
                0x080070a8                memcpy
 .text.memset   0x080070c4       0x10 c:/program files (x86)/gnu arm embedded toolchain/9 2020-q2-update/bin/../lib/gcc/arm-none-eabi/9.3.1/../../../../arm-none-eabi/lib/thumb/v7e-m+dp/hard\libc_nano.a(lib_a-memset.o)
                0x080070c4                memset
 .text._free_r  0x080070d4       0xa0 c:/program files (x86)/gnu arm embedded toolchain/9 2020-q2-update/bin/../lib/gcc/arm-none-eabi/9.3.1/../../../../arm-none-eabi/lib/thumb/v7e-m+dp/hard\libc_nano.a(lib_a-nano-freer.o)
                0x080070d4                _free_r
 .text._malloc_r
                0x08007174       0xb4 c:/program files (x86)/gnu arm embedded toolchain/9 2020-q2-update/bin/../lib/gcc/arm-none-eabi/9.3.1/../../../../arm-none-eabi/lib/thumb/v7e-m+dp/hard\libc_nano.a(lib_a-nano-mallocr.o)
                0x08007174                _malloc_r
 .text.printf   0x08007228       0x30 c:/program files (x86)/gnu arm embedded toolchain/9 2020-q2-update/bin/../lib/gcc/arm-none-eabi/9.3.1/../../../../arm-none-eabi/lib/thumb/v7e-m+dp/hard\libc_nano.a(lib_a-printf.o)
                0x08007228                iprintf
                0x08007228                printf
 .text._puts_r  0x08007258       0xdc c:/program files (x86)/gnu arm embedded toolchain/9 2020-q2-update/bin/../lib/gcc/arm-none-eabi/9.3.1/../../../../arm-none-eabi/lib/thumb/v7e-m+dp/hard\libc_nano.a(lib_a-puts.o)
                0x08007258                _puts_r
 .text.puts     0x08007334       0x10 c:/program files (x86)/gnu arm embedded toolchain/9 2020-q2-update/bin/../lib/gcc/arm-none-eabi/9.3.1/../../../../arm-none-eabi/lib/thumb/v7e-m+dp/hard\libc_nano.a(lib_a-puts.o)
                0x08007334                puts
 .text._sbrk_r  0x08007344       0x20 c:/program files (x86)/gnu arm embedded toolchain/9 2020-q2-update/bin/../lib/gcc/arm-none-eabi/9.3.1/../../../../arm-none-eabi/lib/thumb/v7e-m+dp/hard\libc_nano.a(lib_a-sbrkr.o)
                0x08007344                _sbrk_r
 .text.__swbuf_r
                0x08007364       0xa4 c:/program files (x86)/gnu arm embedded toolchain/9 2020-q2-update/bin/../lib/gcc/arm-none-eabi/9.3.1/../../../../arm-none-eabi/lib/thumb/v7e-m+dp/hard\libc_nano.a(lib_a-wbuf.o)
                0x08007364                __swbuf_r
 .text.__swsetup_r
                0x08007408       0xdc c:/program files (x86)/gnu arm embedded toolchain/9 2020-q2-update/bin/../lib/gcc/arm-none-eabi/9.3.1/../../../../arm-none-eabi/lib/thumb/v7e-m+dp/hard\libc_nano.a(lib_a-wsetup.o)
                0x08007408                __swsetup_r
 .text.__sflush_r
                0x080074e4      0x10c c:/program files (x86)/gnu arm embedded toolchain/9 2020-q2-update/bin/../lib/gcc/arm-none-eabi/9.3.1/../../../../arm-none-eabi/lib/thumb/v7e-m+dp/hard\libc_nano.a(lib_a-fflush.o)
                0x080074e4                __sflush_r
 .text._fflush_r
                0x080075f0       0x78 c:/program files (x86)/gnu arm embedded toolchain/9 2020-q2-update/bin/../lib/gcc/arm-none-eabi/9.3.1/../../../../arm-none-eabi/lib/thumb/v7e-m+dp/hard\libc_nano.a(lib_a-fflush.o)
                0x080075f0                _fflush_r
 .text.std      0x08007668       0x48 c:/program files (x86)/gnu arm embedded toolchain/9 2020-q2-update/bin/../lib/gcc/arm-none-eabi/9.3.1/../../../../arm-none-eabi/lib/thumb/v7e-m+dp/hard\libc_nano.a(lib_a-findfp.o)
 .text._cleanup_r
                0x080076b0        0xc c:/program files (x86)/gnu arm embedded toolchain/9 2020-q2-update/bin/../lib/gcc/arm-none-eabi/9.3.1/../../../../arm-none-eabi/lib/thumb/v7e-m+dp/hard\libc_nano.a(lib_a-findfp.o)
                0x080076b0                _cleanup_r
 .text.__sfmoreglue
                0x080076bc       0x2c c:/program files (x86)/gnu arm embedded toolchain/9 2020-q2-update/bin/../lib/gcc/arm-none-eabi/9.3.1/../../../../arm-none-eabi/lib/thumb/v7e-m+dp/hard\libc_nano.a(lib_a-findfp.o)
                0x080076bc                __sfmoreglue
 .text.__sfp_lock_acquire
                0x080076e8        0xc c:/program files (x86)/gnu arm embedded toolchain/9 2020-q2-update/bin/../lib/gcc/arm-none-eabi/9.3.1/../../../../arm-none-eabi/lib/thumb/v7e-m+dp/hard\libc_nano.a(lib_a-findfp.o)
                0x080076e8                __sfp_lock_acquire
 .text.__sfp_lock_release
                0x080076f4        0xc c:/program files (x86)/gnu arm embedded toolchain/9 2020-q2-update/bin/../lib/gcc/arm-none-eabi/9.3.1/../../../../arm-none-eabi/lib/thumb/v7e-m+dp/hard\libc_nano.a(lib_a-findfp.o)
                0x080076f4                __sfp_lock_release
 .text.__sinit_lock_acquire
                0x08007700        0xc c:/program files (x86)/gnu arm embedded toolchain/9 2020-q2-update/bin/../lib/gcc/arm-none-eabi/9.3.1/../../../../arm-none-eabi/lib/thumb/v7e-m+dp/hard\libc_nano.a(lib_a-findfp.o)
                0x08007700                __sinit_lock_acquire
 .text.__sinit_lock_release
                0x0800770c        0xc c:/program files (x86)/gnu arm embedded toolchain/9 2020-q2-update/bin/../lib/gcc/arm-none-eabi/9.3.1/../../../../arm-none-eabi/lib/thumb/v7e-m+dp/hard\libc_nano.a(lib_a-findfp.o)
                0x0800770c                __sinit_lock_release
 .text.__sinit  0x08007718       0x70 c:/program files (x86)/gnu arm embedded toolchain/9 2020-q2-update/bin/../lib/gcc/arm-none-eabi/9.3.1/../../../../arm-none-eabi/lib/thumb/v7e-m+dp/hard\libc_nano.a(lib_a-findfp.o)
                0x08007718                __sinit
 .text.__sfp    0x08007788       0x8c c:/program files (x86)/gnu arm embedded toolchain/9 2020-q2-update/bin/../lib/gcc/arm-none-eabi/9.3.1/../../../../arm-none-eabi/lib/thumb/v7e-m+dp/hard\libc_nano.a(lib_a-findfp.o)
                0x08007788                __sfp
 .text._fwalk_reent
                0x08007814       0x3e c:/program files (x86)/gnu arm embedded toolchain/9 2020-q2-update/bin/../lib/gcc/arm-none-eabi/9.3.1/../../../../arm-none-eabi/lib/thumb/v7e-m+dp/hard\libc_nano.a(lib_a-fwalk.o)
                0x08007814                _fwalk_reent
 .text.__retarget_lock_init_recursive
                0x08007852        0x2 c:/program files (x86)/gnu arm embedded toolchain/9 2020-q2-update/bin/../lib/gcc/arm-none-eabi/9.3.1/../../../../arm-none-eabi/lib/thumb/v7e-m+dp/hard\libc_nano.a(lib_a-lock.o)
                0x08007852                __retarget_lock_init_recursive
 .text.__retarget_lock_acquire_recursive
                0x08007854        0x2 c:/program files (x86)/gnu arm embedded toolchain/9 2020-q2-update/bin/../lib/gcc/arm-none-eabi/9.3.1/../../../../arm-none-eabi/lib/thumb/v7e-m+dp/hard\libc_nano.a(lib_a-lock.o)
                0x08007854                __retarget_lock_acquire_recursive
 .text.__retarget_lock_release_recursive
                0x08007856        0x2 c:/program files (x86)/gnu arm embedded toolchain/9 2020-q2-update/bin/../lib/gcc/arm-none-eabi/9.3.1/../../../../arm-none-eabi/lib/thumb/v7e-m+dp/hard\libc_nano.a(lib_a-lock.o)
                0x08007856                __retarget_lock_release_recursive
 .text.__swhatbuf_r
                0x08007858       0x48 c:/program files (x86)/gnu arm embedded toolchain/9 2020-q2-update/bin/../lib/gcc/arm-none-eabi/9.3.1/../../../../arm-none-eabi/lib/thumb/v7e-m+dp/hard\libc_nano.a(lib_a-makebuf.o)
                0x08007858                __swhatbuf_r
 .text.__smakebuf_r
                0x080078a0       0x80 c:/program files (x86)/gnu arm embedded toolchain/9 2020-q2-update/bin/../lib/gcc/arm-none-eabi/9.3.1/../../../../arm-none-eabi/lib/thumb/v7e-m+dp/hard\libc_nano.a(lib_a-makebuf.o)
                0x080078a0                __smakebuf_r
 .text.__malloc_lock
                0x08007920        0xc c:/program files (x86)/gnu arm embedded toolchain/9 2020-q2-update/bin/../lib/gcc/arm-none-eabi/9.3.1/../../../../arm-none-eabi/lib/thumb/v7e-m+dp/hard\libc_nano.a(lib_a-mlock.o)
                0x08007920                __malloc_lock
 .text.__malloc_unlock
                0x0800792c        0xc c:/program files (x86)/gnu arm embedded toolchain/9 2020-q2-update/bin/../lib/gcc/arm-none-eabi/9.3.1/../../../../arm-none-eabi/lib/thumb/v7e-m+dp/hard\libc_nano.a(lib_a-mlock.o)
                0x0800792c                __malloc_unlock
 .text.__sfputc_r
                0x08007938       0x2e c:/program files (x86)/gnu arm embedded toolchain/9 2020-q2-update/bin/../lib/gcc/arm-none-eabi/9.3.1/../../../../arm-none-eabi/lib/thumb/v7e-m+dp/hard\libc_nano.a(lib_a-nano-vfprintf.o)
 .text.__sfputs_r
                0x08007966       0x24 c:/program files (x86)/gnu arm embedded toolchain/9 2020-q2-update/bin/../lib/gcc/arm-none-eabi/9.3.1/../../../../arm-none-eabi/lib/thumb/v7e-m+dp/hard\libc_nano.a(lib_a-nano-vfprintf.o)
                0x08007966                __sfputs_r
 *fill*         0x0800798a        0x2 
 .text._vfprintf_r
                0x0800798c      0x260 c:/program files (x86)/gnu arm embedded toolchain/9 2020-q2-update/bin/../lib/gcc/arm-none-eabi/9.3.1/../../../../arm-none-eabi/lib/thumb/v7e-m+dp/hard\libc_nano.a(lib_a-nano-vfprintf.o)
                0x0800798c                _vfprintf_r
                0x0800798c                _vfiprintf_r
 .text._printf_common
                0x08007bec       0xda c:/program files (x86)/gnu arm embedded toolchain/9 2020-q2-update/bin/../lib/gcc/arm-none-eabi/9.3.1/../../../../arm-none-eabi/lib/thumb/v7e-m+dp/hard\libc_nano.a(lib_a-nano-vfprintf_i.o)
                0x08007bec                _printf_common
 *fill*         0x08007cc6        0x2 
 .text._printf_i
                0x08007cc8      0x24c c:/program files (x86)/gnu arm embedded toolchain/9 2020-q2-update/bin/../lib/gcc/arm-none-eabi/9.3.1/../../../../arm-none-eabi/lib/thumb/v7e-m+dp/hard\libc_nano.a(lib_a-nano-vfprintf_i.o)
                0x08007cc8                _printf_i
 .text.__sread  0x08007f14       0x22 c:/program files (x86)/gnu arm embedded toolchain/9 2020-q2-update/bin/../lib/gcc/arm-none-eabi/9.3.1/../../../../arm-none-eabi/lib/thumb/v7e-m+dp/hard\libc_nano.a(lib_a-stdio.o)
                0x08007f14                __sread
 .text.__swrite
                0x08007f36       0x38 c:/program files (x86)/gnu arm embedded toolchain/9 2020-q2-update/bin/../lib/gcc/arm-none-eabi/9.3.1/../../../../arm-none-eabi/lib/thumb/v7e-m+dp/hard\libc_nano.a(lib_a-stdio.o)
                0x08007f36                __swrite
 .text.__sseek  0x08007f6e       0x24 c:/program files (x86)/gnu arm embedded toolchain/9 2020-q2-update/bin/../lib/gcc/arm-none-eabi/9.3.1/../../../../arm-none-eabi/lib/thumb/v7e-m+dp/hard\libc_nano.a(lib_a-stdio.o)
                0x08007f6e                __sseek
 .text.__sclose
                0x08007f92        0x8 c:/program files (x86)/gnu arm embedded toolchain/9 2020-q2-update/bin/../lib/gcc/arm-none-eabi/9.3.1/../../../../arm-none-eabi/lib/thumb/v7e-m+dp/hard\libc_nano.a(lib_a-stdio.o)
                0x08007f92                __sclose
 *fill*         0x08007f9a        0x2 
 .text._write_r
                0x08007f9c       0x24 c:/program files (x86)/gnu arm embedded toolchain/9 2020-q2-update/bin/../lib/gcc/arm-none-eabi/9.3.1/../../../../arm-none-eabi/lib/thumb/v7e-m+dp/hard\libc_nano.a(lib_a-writer.o)
                0x08007f9c                _write_r
 .text._close_r
                0x08007fc0       0x20 c:/program files (x86)/gnu arm embedded toolchain/9 2020-q2-update/bin/../lib/gcc/arm-none-eabi/9.3.1/../../../../arm-none-eabi/lib/thumb/v7e-m+dp/hard\libc_nano.a(lib_a-closer.o)
                0x08007fc0                _close_r
 .text._fstat_r
                0x08007fe0       0x24 c:/program files (x86)/gnu arm embedded toolchain/9 2020-q2-update/bin/../lib/gcc/arm-none-eabi/9.3.1/../../../../arm-none-eabi/lib/thumb/v7e-m+dp/hard\libc_nano.a(lib_a-fstatr.o)
                0x08007fe0                _fstat_r
 .text._isatty_r
                0x08008004       0x20 c:/program files (x86)/gnu arm embedded toolchain/9 2020-q2-update/bin/../lib/gcc/arm-none-eabi/9.3.1/../../../../arm-none-eabi/lib/thumb/v7e-m+dp/hard\libc_nano.a(lib_a-isattyr.o)
                0x08008004                _isatty_r
 .text._lseek_r
                0x08008024       0x24 c:/program files (x86)/gnu arm embedded toolchain/9 2020-q2-update/bin/../lib/gcc/arm-none-eabi/9.3.1/../../../../arm-none-eabi/lib/thumb/v7e-m+dp/hard\libc_nano.a(lib_a-lseekr.o)
                0x08008024                _lseek_r
 .text._read_r  0x08008048       0x24 c:/program files (x86)/gnu arm embedded toolchain/9 2020-q2-update/bin/../lib/gcc/arm-none-eabi/9.3.1/../../../../arm-none-eabi/lib/thumb/v7e-m+dp/hard\libc_nano.a(lib_a-readr.o)
                0x08008048                _read_r
 .text._close   0x0800806c       0x10 c:/program files (x86)/gnu arm embedded toolchain/9 2020-q2-update/bin/../lib/gcc/arm-none-eabi/9.3.1/../../../../arm-none-eabi/lib/thumb/v7e-m+dp/hard\libnosys.a(close.o)
                0x0800806c                _close
 .text._fstat   0x0800807c       0x10 c:/program files (x86)/gnu arm embedded toolchain/9 2020-q2-update/bin/../lib/gcc/arm-none-eabi/9.3.1/../../../../arm-none-eabi/lib/thumb/v7e-m+dp/hard\libnosys.a(fstat.o)
                0x0800807c                _fstat
 .text._isatty  0x0800808c       0x10 c:/program files (x86)/gnu arm embedded toolchain/9 2020-q2-update/bin/../lib/gcc/arm-none-eabi/9.3.1/../../../../arm-none-eabi/lib/thumb/v7e-m+dp/hard\libnosys.a(isatty.o)
                0x0800808c                _isatty
 .text._lseek   0x0800809c       0x10 c:/program files (x86)/gnu arm embedded toolchain/9 2020-q2-update/bin/../lib/gcc/arm-none-eabi/9.3.1/../../../../arm-none-eabi/lib/thumb/v7e-m+dp/hard\libnosys.a(lseek.o)
                0x0800809c                _lseek
 .text._read    0x080080ac       0x10 c:/program files (x86)/gnu arm embedded toolchain/9 2020-q2-update/bin/../lib/gcc/arm-none-eabi/9.3.1/../../../../arm-none-eabi/lib/thumb/v7e-m+dp/hard\libnosys.a(read.o)
                0x080080ac                _read
 .text._sbrk    0x080080bc       0x1c c:/program files (x86)/gnu arm embedded toolchain/9 2020-q2-update/bin/../lib/gcc/arm-none-eabi/9.3.1/../../../../arm-none-eabi/lib/thumb/v7e-m+dp/hard\libnosys.a(sbrk.o)
                0x080080bc                _sbrk
 *(.glue_7)
 .glue_7        0x080080d8        0x0 linker stubs
 *(.glue_7t)
 .glue_7t       0x080080d8        0x0 linker stubs
 *(.eh_frame)
 .eh_frame      0x080080d8        0x0 c:/program files (x86)/gnu arm embedded toolchain/9 2020-q2-update/bin/../lib/gcc/arm-none-eabi/9.3.1/thumb/v7e-m+dp/hard/crtbegin.o
 *(.init)
 .init          0x080080d8        0x4 c:/program files (x86)/gnu arm embedded toolchain/9 2020-q2-update/bin/../lib/gcc/arm-none-eabi/9.3.1/thumb/v7e-m+dp/hard/crti.o
                0x080080d8                _init
 .init          0x080080dc        0x8 c:/program files (x86)/gnu arm embedded toolchain/9 2020-q2-update/bin/../lib/gcc/arm-none-eabi/9.3.1/thumb/v7e-m+dp/hard/crtn.o
 *(.fini)
 .fini          0x080080e4        0x4 c:/program files (x86)/gnu arm embedded toolchain/9 2020-q2-update/bin/../lib/gcc/arm-none-eabi/9.3.1/thumb/v7e-m+dp/hard/crti.o
                0x080080e4                _fini
 .fini          0x080080e8        0x8 c:/program files (x86)/gnu arm embedded toolchain/9 2020-q2-update/bin/../lib/gcc/arm-none-eabi/9.3.1/thumb/v7e-m+dp/hard/crtn.o
                0x080080f0                . = ALIGN (0x4)
                0x080080f0                _etext = .

.vfp11_veneer   0x080080f0        0x0
 .vfp11_veneer  0x080080f0        0x0 linker stubs

.v4_bx          0x080080f0        0x0
 .v4_bx         0x080080f0        0x0 linker stubs

.iplt           0x080080f0        0x0
 .iplt          0x080080f0        0x0 c:/program files (x86)/gnu arm embedded toolchain/9 2020-q2-update/bin/../lib/gcc/arm-none-eabi/9.3.1/thumb/v7e-m+dp/hard/crtbegin.o

.rodata         0x080080f0      0x298
                0x080080f0                . = ALIGN (0x4)
 *(.rodata)
 *(.rodata*)
 .rodata.AHBPrescTable
                0x080080f0       0x10 ../build/system_stm32f7xx.o
                0x080080f0                AHBPrescTable
 .rodata.APBPrescTable
                0x08008100        0x8 ../build/system_stm32f7xx.o
                0x08008100                APBPrescTable
 .rodata.Error_Handler.str1.4
                0x08008108        0xc ../build/main.o
 .rodata.MX_USART3_UART_Init.str1.4
                0x08008114        0xf ../build/main.o
 *fill*         0x08008123        0x1 
 .rodata.SystemClock_Config.str1.4
                0x08008124       0x80 ../build/main.o
 .rodata.main.str1.4
                0x080081a4       0x44 ../build/main.o
 .rodata.HardFault_Handler.str1.4
                0x080081e8        0xb ../build/stm32f7xx_it.o
 *fill*         0x080081f3        0x1 
 .rodata.MemManage_Handler.str1.4
                0x080081f4       0x18 ../build/stm32f7xx_it.o
 .rodata.BusFault_Handler.str1.4
                0x0800820c       0x14 ../build/stm32f7xx_it.o
 .rodata.UsageFault_Handler.str1.4
                0x08008220       0x14 ../build/stm32f7xx_it.o
 .rodata.DisplayEn
                0x08008234        0x4 ../build/6180a1.o
 .rodata.vTaskStartScheduler.str1.4
                0x08008238        0x5 ../build/tasks.o
 *fill*         0x0800823d        0x3 
 .rodata.prvCheckForValidListAndQueue.str1.4
                0x08008240        0x5 ../build/timers.o
 *fill*         0x08008245        0x3 
 .rodata.xTimerCreateTimerTask.str1.4
                0x08008248        0x8 ../build/timers.o
 .rodata.MX_USB_DEVICE_Init.str1.4
                0x08008250       0x3a ../build/usb_device.o
 *fill*         0x0800828a        0x2 
 .rodata.USBD_FS_ProductStrDescriptor.str1.4
                0x0800828c       0x10 ../build/usbd_desc.o
 .rodata.USBD_FS_ManufacturerStrDescriptor.str1.4
                0x0800829c       0x13 ../build/usbd_desc.o
 *fill*         0x080082af        0x1 
 .rodata.USBD_FS_ConfigStrDescriptor.str1.4
                0x080082b0        0xb ../build/usbd_desc.o
 *fill*         0x080082bb        0x1 
 .rodata.USBD_FS_InterfaceStrDescriptor.str1.4
                0x080082bc        0xe ../build/usbd_desc.o
 *fill*         0x080082ca        0x2 
 .rodata.HAL_PCD_ResetCallback.str1.4
                0x080082cc       0x14 ../build/usbd_conf.o
 .rodata.USBD_LL_Init.str1.4
                0x080082e0        0xe ../build/usbd_conf.o
 *fill*         0x080082ee        0x2 
 .rodata._global_impure_ptr
                0x080082f0        0x4 c:/program files (x86)/gnu arm embedded toolchain/9 2020-q2-update/bin/../lib/gcc/arm-none-eabi/9.3.1/../../../../arm-none-eabi/lib/thumb/v7e-m+dp/hard\libc_nano.a(lib_a-impure.o)
                0x080082f0                _global_impure_ptr
 .rodata.__sf_fake_stderr
                0x080082f4       0x20 c:/program files (x86)/gnu arm embedded toolchain/9 2020-q2-update/bin/../lib/gcc/arm-none-eabi/9.3.1/../../../../arm-none-eabi/lib/thumb/v7e-m+dp/hard\libc_nano.a(lib_a-findfp.o)
                0x080082f4                __sf_fake_stderr
 .rodata.__sf_fake_stdin
                0x08008314       0x20 c:/program files (x86)/gnu arm embedded toolchain/9 2020-q2-update/bin/../lib/gcc/arm-none-eabi/9.3.1/../../../../arm-none-eabi/lib/thumb/v7e-m+dp/hard\libc_nano.a(lib_a-findfp.o)
                0x08008314                __sf_fake_stdin
 .rodata.__sf_fake_stdout
                0x08008334       0x20 c:/program files (x86)/gnu arm embedded toolchain/9 2020-q2-update/bin/../lib/gcc/arm-none-eabi/9.3.1/../../../../arm-none-eabi/lib/thumb/v7e-m+dp/hard\libc_nano.a(lib_a-findfp.o)
                0x08008334                __sf_fake_stdout
 .rodata._vfprintf_r.str1.1
                0x08008354       0x11 c:/program files (x86)/gnu arm embedded toolchain/9 2020-q2-update/bin/../lib/gcc/arm-none-eabi/9.3.1/../../../../arm-none-eabi/lib/thumb/v7e-m+dp/hard\libc_nano.a(lib_a-nano-vfprintf.o)
 .rodata._printf_i.str1.1
                0x08008365       0x22 c:/program files (x86)/gnu arm embedded toolchain/9 2020-q2-update/bin/../lib/gcc/arm-none-eabi/9.3.1/../../../../arm-none-eabi/lib/thumb/v7e-m+dp/hard\libc_nano.a(lib_a-nano-vfprintf_i.o)
                0x08008388                . = ALIGN (0x4)
 *fill*         0x08008387        0x1 

.ARM.extab
 *(.ARM.extab* .gnu.linkonce.armextab.*)

.ARM            0x08008388        0x8
                0x08008388                __exidx_start = .
 *(.ARM.exidx*)
 .ARM.exidx     0x08008388        0x8 c:/program files (x86)/gnu arm embedded toolchain/9 2020-q2-update/bin/../lib/gcc/arm-none-eabi/9.3.1/thumb/v7e-m+dp/hard\libgcc.a(_udivmoddi4.o)
                0x08008390                __exidx_end = .

.rel.dyn        0x08008390        0x0
 .rel.iplt      0x08008390        0x0 c:/program files (x86)/gnu arm embedded toolchain/9 2020-q2-update/bin/../lib/gcc/arm-none-eabi/9.3.1/thumb/v7e-m+dp/hard/crtbegin.o

.preinit_array  0x08008390        0x0
                0x08008390                PROVIDE (__preinit_array_start = .)
 *(.preinit_array*)
                0x08008390                PROVIDE (__preinit_array_end = .)

.init_array     0x08008390        0x4
                0x08008390                PROVIDE (__init_array_start = .)
 *(SORT_BY_NAME(.init_array.*))
 *(.init_array*)
 .init_array    0x08008390        0x4 c:/program files (x86)/gnu arm embedded toolchain/9 2020-q2-update/bin/../lib/gcc/arm-none-eabi/9.3.1/thumb/v7e-m+dp/hard/crtbegin.o
                0x08008394                PROVIDE (__init_array_end = .)

.fini_array     0x08008394        0x4
                [!provide]                PROVIDE (__fini_array_start = .)
 *(SORT_BY_NAME(.fini_array.*))
 *(.fini_array*)
 .fini_array    0x08008394        0x4 c:/program files (x86)/gnu arm embedded toolchain/9 2020-q2-update/bin/../lib/gcc/arm-none-eabi/9.3.1/thumb/v7e-m+dp/hard/crtbegin.o
                [!provide]                PROVIDE (__fini_array_end = .)
                0x08008398                _sidata = LOADADDR (.data)

.data           0x20000000      0x1e0 load address 0x08008398
                0x20000000                . = ALIGN (0x4)
                0x20000000                _sdata = .
 *(.data)
 *(.data*)
 .data.SystemCoreClock
                0x20000000        0x4 ../build/system_stm32f7xx.o
                0x20000000                SystemCoreClock
 .data.uwTickFreq
                0x20000004        0x1 ../build/stm32f7xx_hal.o
                0x20000004                uwTickFreq
 *fill*         0x20000005        0x3 
 .data.uwTickPrio
                0x20000008        0x4 ../build/stm32f7xx_hal.o
                0x20000008                uwTickPrio
 .data.HID_MOUSE_ReportDesc
                0x2000000c       0x4a ../build/usbd_hid.o
 *fill*         0x20000056        0x2 
 .data.USBD_HID
                0x20000058       0x38 ../build/usbd_hid.o
                0x20000058                USBD_HID
 .data.USBD_HID_CfgFSDesc
                0x20000090       0x22 ../build/usbd_hid.o
 *fill*         0x200000b2        0x2 
 .data.USBD_HID_CfgHSDesc
                0x200000b4       0x22 ../build/usbd_hid.o
 *fill*         0x200000d6        0x2 
 .data.USBD_HID_Desc
                0x200000d8        0x9 ../build/usbd_hid.o
 *fill*         0x200000e1        0x3 
 .data.USBD_HID_DeviceQualifierDesc
                0x200000e4        0xa ../build/usbd_hid.o
 *fill*         0x200000ee        0x2 
 .data.USBD_HID_OtherSpeedCfgDesc
                0x200000f0       0x22 ../build/usbd_hid.o
 *fill*         0x20000112        0x2 
 .data.uxTopUsedPriority
                0x20000114        0x4 ../build/tasks.o
                0x20000114                uxTopUsedPriority
 .data.uxCriticalNesting
                0x20000118        0x4 ../build/port.o
 .data.FS_Desc  0x2000011c       0x20 ../build/usbd_desc.o
                0x2000011c                FS_Desc
 .data.USBD_FS_BOSDesc
                0x2000013c        0xc ../build/usbd_desc.o
                0x2000013c                USBD_FS_BOSDesc
 .data.USBD_FS_DeviceDesc
                0x20000148       0x12 ../build/usbd_desc.o
                0x20000148                USBD_FS_DeviceDesc
 *fill*         0x2000015a        0x2 
 .data.USBD_LangIDDesc
                0x2000015c        0x4 ../build/usbd_desc.o
                0x2000015c                USBD_LangIDDesc
 .data.USBD_StringSerial
                0x20000160       0x1a ../build/usbd_desc.o
                0x20000160                USBD_StringSerial
 *fill*         0x2000017a        0x2 
 .data._impure_ptr
                0x2000017c        0x4 c:/program files (x86)/gnu arm embedded toolchain/9 2020-q2-update/bin/../lib/gcc/arm-none-eabi/9.3.1/../../../../arm-none-eabi/lib/thumb/v7e-m+dp/hard\libc_nano.a(lib_a-impure.o)
                0x2000017c                _impure_ptr
 .data.impure_data
                0x20000180       0x60 c:/program files (x86)/gnu arm embedded toolchain/9 2020-q2-update/bin/../lib/gcc/arm-none-eabi/9.3.1/../../../../arm-none-eabi/lib/thumb/v7e-m+dp/hard\libc_nano.a(lib_a-impure.o)
                0x200001e0                . = ALIGN (0x4)
                0x200001e0                _edata = .

.igot.plt       0x200001e0        0x0 load address 0x08008578
 .igot.plt      0x200001e0        0x0 c:/program files (x86)/gnu arm embedded toolchain/9 2020-q2-update/bin/../lib/gcc/arm-none-eabi/9.3.1/thumb/v7e-m+dp/hard/crtbegin.o
                0x200001e0                . = ALIGN (0x4)

.bss            0x200001e0     0x4f3c load address 0x08008578
                0x200001e0                _sbss = .
                0x200001e0                __bss_start__ = _sbss
 *(.bss)
 .bss           0x200001e0       0x1c c:/program files (x86)/gnu arm embedded toolchain/9 2020-q2-update/bin/../lib/gcc/arm-none-eabi/9.3.1/thumb/v7e-m+dp/hard/crtbegin.o
 *(.bss*)
 .bss.Idle_Stack
                0x200001fc      0x200 ../build/freertos.o
 .bss.Idle_TCB  0x200003fc       0x5c ../build/freertos.o
 .bss.Timer_Stack
                0x20000458      0x400 ../build/freertos.o
 .bss.Timer_TCB
                0x20000858       0x5c ../build/freertos.o
 .bss.IsV2      0x200008b4        0x4 ../build/6180a1.o
 .bss.cfgidx.10841
                0x200008b8        0x1 ../build/usbd_ctlreq.o
 *fill*         0x200008b9        0x3 
 .bss.pxCurrentTCB
                0x200008bc        0x4 ../build/tasks.o
                0x200008bc                pxCurrentTCB
 .bss.pxDelayedTaskList
                0x200008c0        0x4 ../build/tasks.o
 .bss.pxOverflowDelayedTaskList
                0x200008c4        0x4 ../build/tasks.o
 .bss.pxReadyTasksLists
                0x200008c8       0x50 ../build/tasks.o
 .bss.uxCurrentNumberOfTasks
                0x20000918        0x4 ../build/tasks.o
 .bss.uxDeletedTasksWaitingCleanUp
                0x2000091c        0x4 ../build/tasks.o
 .bss.uxSchedulerSuspended
                0x20000920        0x4 ../build/tasks.o
 .bss.uxTaskNumber
                0x20000924        0x4 ../build/tasks.o
 .bss.uxTopReadyPriority
                0x20000928        0x4 ../build/tasks.o
 .bss.xDelayedTaskList1
                0x2000092c       0x14 ../build/tasks.o
 .bss.xDelayedTaskList2
                0x20000940       0x14 ../build/tasks.o
 .bss.xNextTaskUnblockTime
                0x20000954        0x4 ../build/tasks.o
 .bss.xNumOfOverflows
                0x20000958        0x4 ../build/tasks.o
 .bss.xPendedTicks
                0x2000095c        0x4 ../build/tasks.o
 .bss.xPendingReadyList
                0x20000960       0x14 ../build/tasks.o
 .bss.xSchedulerRunning
                0x20000974        0x4 ../build/tasks.o
 .bss.xSuspendedTaskList
                0x20000978       0x14 ../build/tasks.o
 .bss.xTasksWaitingTermination
                0x2000098c       0x14 ../build/tasks.o
 .bss.xTickCount
                0x200009a0        0x4 ../build/tasks.o
 .bss.xYieldPending
                0x200009a4        0x4 ../build/tasks.o
 .bss.pxCurrentTimerList
                0x200009a8        0x4 ../build/timers.o
 .bss.pxOverflowTimerList
                0x200009ac        0x4 ../build/timers.o
 .bss.ucStaticTimerQueueStorage.6973
                0x200009b0       0xa0 ../build/timers.o
 .bss.xActiveTimerList1
                0x20000a50       0x14 ../build/timers.o
 .bss.xActiveTimerList2
                0x20000a64       0x14 ../build/timers.o
 .bss.xLastTime.6922
                0x20000a78        0x4 ../build/timers.o
 .bss.xStaticTimerQueue.6972
                0x20000a7c       0x50 ../build/timers.o
 .bss.xTimerQueue
                0x20000acc        0x4 ../build/timers.o
 .bss.xTimerTaskHandle
                0x20000ad0        0x4 ../build/timers.o
 .bss.pxEnd     0x20000ad4        0x4 ../build/heap_4.o
 .bss.ucHeap    0x20000ad8     0x3c00 ../build/heap_4.o
 .bss.xBlockAllocatedBit
                0x200046d8        0x4 ../build/heap_4.o
 .bss.xFreeBytesRemaining
                0x200046dc        0x4 ../build/heap_4.o
 .bss.xMinimumEverFreeBytesRemaining
                0x200046e0        0x4 ../build/heap_4.o
 .bss.xNumberOfSuccessfulAllocations
                0x200046e4        0x4 ../build/heap_4.o
 .bss.xNumberOfSuccessfulFrees
                0x200046e8        0x4 ../build/heap_4.o
 .bss.xStart    0x200046ec        0x8 ../build/heap_4.o
 .bss.ucMaxSysCallPriority
                0x200046f4        0x1 ../build/port.o
 *fill*         0x200046f5        0x3 
 .bss.ulMaxPRIGROUPValue
                0x200046f8        0x4 ../build/port.o
 .bss.HID_Buffer
                0x200046fc        0x4 ../build/usb_device.o
 .bss.__malloc_free_list
                0x20004700        0x4 c:/program files (x86)/gnu arm embedded toolchain/9 2020-q2-update/bin/../lib/gcc/arm-none-eabi/9.3.1/../../../../arm-none-eabi/lib/thumb/v7e-m+dp/hard\libc_nano.a(lib_a-nano-mallocr.o)
                0x20004700                __malloc_free_list
 .bss.__malloc_sbrk_start
                0x20004704        0x4 c:/program files (x86)/gnu arm embedded toolchain/9 2020-q2-update/bin/../lib/gcc/arm-none-eabi/9.3.1/../../../../arm-none-eabi/lib/thumb/v7e-m+dp/hard\libc_nano.a(lib_a-nano-mallocr.o)
                0x20004704                __malloc_sbrk_start
 .bss.heap_end.5507
                0x20004708        0x4 c:/program files (x86)/gnu arm embedded toolchain/9 2020-q2-update/bin/../lib/gcc/arm-none-eabi/9.3.1/../../../../arm-none-eabi/lib/thumb/v7e-m+dp/hard\libnosys.a(sbrk.o)
 *(COMMON)
 COMMON         0x2000470c       0xe0 ../build/main.o
                0x2000470c                idleTask
                0x20004710                huart3
                0x20004790                hi2c1
                0x200047dc                gestureTask
                0x200047e0                exitUsrBtn
                0x200047e8                usbdTask
 COMMON         0x200047ec        0x6 ../build/6180a1.o
                0x200047ec                _hi2c
                0x200047f0                _V2PadVal
 *fill*         0x200047f2        0x2 
 COMMON         0x200047f4        0x4 ../build/stm32f7xx_hal.o
                0x200047f4                uwTick
 COMMON         0x200047f8       0x40 ../build/queue.o
                0x200047f8                xQueueRegistry
 COMMON         0x20004838      0x2d0 ../build/usb_device.o
                0x20004838                hUsbDeviceFS
 COMMON         0x20004b08      0x200 ../build/usbd_desc.o
                0x20004b08                USBD_StrDesc
 COMMON         0x20004d08      0x404 ../build/usbd_conf.o
                0x20004d08                hpcd_USB_OTG_FS
 COMMON         0x2000510c        0x9 c:/program files (x86)/gnu arm embedded toolchain/9 2020-q2-update/bin/../lib/gcc/arm-none-eabi/9.3.1/../../../../arm-none-eabi/lib/thumb/v7e-m+dp/hard\libc_nano.a(lib_a-lock.o)
                0x2000510c                __lock___atexit_recursive_mutex
                0x2000510d                __lock___arc4random_mutex
                0x2000510e                __lock___env_recursive_mutex
                0x2000510f                __lock___sinit_recursive_mutex
                0x20005110                __lock___malloc_recursive_mutex
                0x20005111                __lock___at_quick_exit_mutex
                0x20005112                __lock___dd_hash_mutex
                0x20005113                __lock___tz_mutex
                0x20005114                __lock___sfp_recursive_mutex
 *fill*         0x20005115        0x3 
 COMMON         0x20005118        0x4 c:/program files (x86)/gnu arm embedded toolchain/9 2020-q2-update/bin/../lib/gcc/arm-none-eabi/9.3.1/../../../../arm-none-eabi/lib/thumb/v7e-m+dp/hard\libc_nano.a(lib_a-reent.o)
                0x20005118                errno
                0x2000511c                . = ALIGN (0x4)
                0x2000511c                _ebss = .
                0x2000511c                __bss_end__ = _ebss

._user_heap_stack
                0x2000511c      0x604 load address 0x08008578
                0x20005120                . = ALIGN (0x8)
 *fill*         0x2000511c        0x4 
                0x20005120                PROVIDE (end = .)
                [!provide]                PROVIDE (_end = .)
                0x20005320                . = (. + _Min_Heap_Size)
 *fill*         0x20005120      0x200 
                0x20005720                . = (. + _Min_Stack_Size)
 *fill*         0x20005320      0x400 
                0x20005720                . = ALIGN (0x8)

/DISCARD/
 libc.a(*)
 libm.a(*)
 libgcc.a(*)

.ARM.attributes
                0x00000000       0x2e
 *(.ARM.attributes)
 .ARM.attributes
                0x00000000       0x1e c:/program files (x86)/gnu arm embedded toolchain/9 2020-q2-update/bin/../lib/gcc/arm-none-eabi/9.3.1/thumb/v7e-m+dp/hard/crti.o
 .ARM.attributes
                0x0000001e       0x32 c:/program files (x86)/gnu arm embedded toolchain/9 2020-q2-update/bin/../lib/gcc/arm-none-eabi/9.3.1/thumb/v7e-m+dp/hard/crtbegin.o
 .ARM.attributes
                0x00000050       0x32 ../build/system_stm32f7xx.o
 .ARM.attributes
                0x00000082       0x32 ../build/main.o
 .ARM.attributes
                0x000000b4       0x32 ../build/Gesture.o
 .ARM.attributes
                0x000000e6       0x32 ../build/freertos.o
 .ARM.attributes
                0x00000118       0x32 ../build/stm32f7xx_it.o
 .ARM.attributes
                0x0000014a       0x32 ../build/stm32f7xx_hal_msp.o
 .ARM.attributes
                0x0000017c       0x32 ../build/6180a1.o
 .ARM.attributes
                0x000001ae       0x32 ../build/uart.o
 .ARM.attributes
                0x000001e0       0x32 ../build/stm32f7xx_hal_pcd.o
 .ARM.attributes
                0x00000212       0x32 ../build/stm32f7xx_hal_pcd_ex.o
 .ARM.attributes
                0x00000244       0x32 ../build/stm32f7xx_ll_usb.o
 .ARM.attributes
                0x00000276       0x32 ../build/stm32f7xx_hal_rcc.o
 .ARM.attributes
                0x000002a8       0x32 ../build/stm32f7xx_hal_rcc_ex.o
 .ARM.attributes
                0x000002da       0x32 ../build/stm32f7xx_hal_gpio.o
 .ARM.attributes
                0x0000030c       0x32 ../build/stm32f7xx_hal_pwr.o
 .ARM.attributes
                0x0000033e       0x32 ../build/stm32f7xx_hal_pwr_ex.o
 .ARM.attributes
                0x00000370       0x32 ../build/stm32f7xx_hal_cortex.o
 .ARM.attributes
                0x000003a2       0x32 ../build/stm32f7xx_hal.o
 .ARM.attributes
                0x000003d4       0x32 ../build/stm32f7xx_hal_i2c.o
 .ARM.attributes
                0x00000406       0x32 ../build/stm32f7xx_hal_uart.o
 .ARM.attributes
                0x00000438       0x32 ../build/usbd_core.o
 .ARM.attributes
                0x0000046a       0x32 ../build/usbd_ctlreq.o
 .ARM.attributes
                0x0000049c       0x32 ../build/usbd_ioreq.o
 .ARM.attributes
                0x000004ce       0x32 ../build/usbd_hid.o
 .ARM.attributes
                0x00000500       0x32 ../build/syscalls.o
 .ARM.attributes
                0x00000532       0x32 ../build/list.o
 .ARM.attributes
                0x00000564       0x32 ../build/queue.o
 .ARM.attributes
                0x00000596       0x32 ../build/tasks.o
 .ARM.attributes
                0x000005c8       0x32 ../build/timers.o
 .ARM.attributes
                0x000005fa       0x32 ../build/heap_4.o
 .ARM.attributes
                0x0000062c       0x32 ../build/port.o
 .ARM.attributes
                0x0000065e       0x32 ../build/usb_device.o
 .ARM.attributes
                0x00000690       0x32 ../build/usbd_desc.o
 .ARM.attributes
                0x000006c2       0x32 ../build/usbd_conf.o
 .ARM.attributes
                0x000006f4       0x21 ../build/startup_stm32f767xx.o
 .ARM.attributes
                0x00000715       0x30 c:/program files (x86)/gnu arm embedded toolchain/9 2020-q2-update/bin/../lib/gcc/arm-none-eabi/9.3.1/../../../../arm-none-eabi/lib/thumb/v7e-m+dp/hard\libc_nano.a(lib_a-impure.o)
 .ARM.attributes
                0x00000745       0x32 c:/program files (x86)/gnu arm embedded toolchain/9 2020-q2-update/bin/../lib/gcc/arm-none-eabi/9.3.1/../../../../arm-none-eabi/lib/thumb/v7e-m+dp/hard\libc_nano.a(lib_a-init.o)
 .ARM.attributes
                0x00000777       0x32 c:/program files (x86)/gnu arm embedded toolchain/9 2020-q2-update/bin/../lib/gcc/arm-none-eabi/9.3.1/../../../../arm-none-eabi/lib/thumb/v7e-m+dp/hard\libc_nano.a(lib_a-malloc.o)
 .ARM.attributes
                0x000007a9       0x32 c:/program files (x86)/gnu arm embedded toolchain/9 2020-q2-update/bin/../lib/gcc/arm-none-eabi/9.3.1/../../../../arm-none-eabi/lib/thumb/v7e-m+dp/hard\libc_nano.a(lib_a-memcpy-stub.o)
 .ARM.attributes
                0x000007db       0x32 c:/program files (x86)/gnu arm embedded toolchain/9 2020-q2-update/bin/../lib/gcc/arm-none-eabi/9.3.1/../../../../arm-none-eabi/lib/thumb/v7e-m+dp/hard\libc_nano.a(lib_a-memset.o)
 .ARM.attributes
                0x0000080d       0x32 c:/program files (x86)/gnu arm embedded toolchain/9 2020-q2-update/bin/../lib/gcc/arm-none-eabi/9.3.1/../../../../arm-none-eabi/lib/thumb/v7e-m+dp/hard\libc_nano.a(lib_a-nano-freer.o)
 .ARM.attributes
                0x0000083f       0x32 c:/program files (x86)/gnu arm embedded toolchain/9 2020-q2-update/bin/../lib/gcc/arm-none-eabi/9.3.1/../../../../arm-none-eabi/lib/thumb/v7e-m+dp/hard\libc_nano.a(lib_a-nano-mallocr.o)
 .ARM.attributes
                0x00000871       0x32 c:/program files (x86)/gnu arm embedded toolchain/9 2020-q2-update/bin/../lib/gcc/arm-none-eabi/9.3.1/../../../../arm-none-eabi/lib/thumb/v7e-m+dp/hard\libc_nano.a(lib_a-printf.o)
 .ARM.attributes
                0x000008a3       0x32 c:/program files (x86)/gnu arm embedded toolchain/9 2020-q2-update/bin/../lib/gcc/arm-none-eabi/9.3.1/../../../../arm-none-eabi/lib/thumb/v7e-m+dp/hard\libc_nano.a(lib_a-puts.o)
 .ARM.attributes
                0x000008d5       0x32 c:/program files (x86)/gnu arm embedded toolchain/9 2020-q2-update/bin/../lib/gcc/arm-none-eabi/9.3.1/../../../../arm-none-eabi/lib/thumb/v7e-m+dp/hard\libc_nano.a(lib_a-sbrkr.o)
 .ARM.attributes
                0x00000907       0x32 c:/program files (x86)/gnu arm embedded toolchain/9 2020-q2-update/bin/../lib/gcc/arm-none-eabi/9.3.1/../../../../arm-none-eabi/lib/thumb/v7e-m+dp/hard\libc_nano.a(lib_a-wbuf.o)
 .ARM.attributes
                0x00000939       0x32 c:/program files (x86)/gnu arm embedded toolchain/9 2020-q2-update/bin/../lib/gcc/arm-none-eabi/9.3.1/../../../../arm-none-eabi/lib/thumb/v7e-m+dp/hard\libc_nano.a(lib_a-wsetup.o)
 .ARM.attributes
                0x0000096b       0x32 c:/program files (x86)/gnu arm embedded toolchain/9 2020-q2-update/bin/../lib/gcc/arm-none-eabi/9.3.1/../../../../arm-none-eabi/lib/thumb/v7e-m+dp/hard\libc_nano.a(lib_a-fflush.o)
 .ARM.attributes
                0x0000099d       0x32 c:/program files (x86)/gnu arm embedded toolchain/9 2020-q2-update/bin/../lib/gcc/arm-none-eabi/9.3.1/../../../../arm-none-eabi/lib/thumb/v7e-m+dp/hard\libc_nano.a(lib_a-findfp.o)
 .ARM.attributes
                0x000009cf       0x32 c:/program files (x86)/gnu arm embedded toolchain/9 2020-q2-update/bin/../lib/gcc/arm-none-eabi/9.3.1/../../../../arm-none-eabi/lib/thumb/v7e-m+dp/hard\libc_nano.a(lib_a-fwalk.o)
 .ARM.attributes
                0x00000a01       0x32 c:/program files (x86)/gnu arm embedded toolchain/9 2020-q2-update/bin/../lib/gcc/arm-none-eabi/9.3.1/../../../../arm-none-eabi/lib/thumb/v7e-m+dp/hard\libc_nano.a(lib_a-lock.o)
 .ARM.attributes
                0x00000a33       0x32 c:/program files (x86)/gnu arm embedded toolchain/9 2020-q2-update/bin/../lib/gcc/arm-none-eabi/9.3.1/../../../../arm-none-eabi/lib/thumb/v7e-m+dp/hard\libc_nano.a(lib_a-makebuf.o)
 .ARM.attributes
                0x00000a65       0x32 c:/program files (x86)/gnu arm embedded toolchain/9 2020-q2-update/bin/../lib/gcc/arm-none-eabi/9.3.1/../../../../arm-none-eabi/lib/thumb/v7e-m+dp/hard\libc_nano.a(lib_a-mlock.o)
 .ARM.attributes
                0x00000a97       0x32 c:/program files (x86)/gnu arm embedded toolchain/9 2020-q2-update/bin/../lib/gcc/arm-none-eabi/9.3.1/../../../../arm-none-eabi/lib/thumb/v7e-m+dp/hard\libc_nano.a(lib_a-nano-vfprintf.o)
 .ARM.attributes
                0x00000ac9       0x32 c:/program files (x86)/gnu arm embedded toolchain/9 2020-q2-update/bin/../lib/gcc/arm-none-eabi/9.3.1/../../../../arm-none-eabi/lib/thumb/v7e-m+dp/hard\libc_nano.a(lib_a-nano-vfprintf_i.o)
 .ARM.attributes
                0x00000afb       0x32 c:/program files (x86)/gnu arm embedded toolchain/9 2020-q2-update/bin/../lib/gcc/arm-none-eabi/9.3.1/../../../../arm-none-eabi/lib/thumb/v7e-m+dp/hard\libc_nano.a(lib_a-reent.o)
 .ARM.attributes
                0x00000b2d       0x32 c:/program files (x86)/gnu arm embedded toolchain/9 2020-q2-update/bin/../lib/gcc/arm-none-eabi/9.3.1/../../../../arm-none-eabi/lib/thumb/v7e-m+dp/hard\libc_nano.a(lib_a-stdio.o)
 .ARM.attributes
                0x00000b5f       0x32 c:/program files (x86)/gnu arm embedded toolchain/9 2020-q2-update/bin/../lib/gcc/arm-none-eabi/9.3.1/../../../../arm-none-eabi/lib/thumb/v7e-m+dp/hard\libc_nano.a(lib_a-writer.o)
 .ARM.attributes
                0x00000b91       0x32 c:/program files (x86)/gnu arm embedded toolchain/9 2020-q2-update/bin/../lib/gcc/arm-none-eabi/9.3.1/../../../../arm-none-eabi/lib/thumb/v7e-m+dp/hard\libc_nano.a(lib_a-closer.o)
 .ARM.attributes
                0x00000bc3       0x32 c:/program files (x86)/gnu arm embedded toolchain/9 2020-q2-update/bin/../lib/gcc/arm-none-eabi/9.3.1/../../../../arm-none-eabi/lib/thumb/v7e-m+dp/hard\libc_nano.a(lib_a-fstatr.o)
 .ARM.attributes
                0x00000bf5       0x32 c:/program files (x86)/gnu arm embedded toolchain/9 2020-q2-update/bin/../lib/gcc/arm-none-eabi/9.3.1/../../../../arm-none-eabi/lib/thumb/v7e-m+dp/hard\libc_nano.a(lib_a-isattyr.o)
 .ARM.attributes
                0x00000c27       0x32 c:/program files (x86)/gnu arm embedded toolchain/9 2020-q2-update/bin/../lib/gcc/arm-none-eabi/9.3.1/../../../../arm-none-eabi/lib/thumb/v7e-m+dp/hard\libc_nano.a(lib_a-lseekr.o)
 .ARM.attributes
                0x00000c59       0x1c c:/program files (x86)/gnu arm embedded toolchain/9 2020-q2-update/bin/../lib/gcc/arm-none-eabi/9.3.1/../../../../arm-none-eabi/lib/thumb/v7e-m+dp/hard\libc_nano.a(lib_a-memchr.o)
 .ARM.attributes
                0x00000c75       0x32 c:/program files (x86)/gnu arm embedded toolchain/9 2020-q2-update/bin/../lib/gcc/arm-none-eabi/9.3.1/../../../../arm-none-eabi/lib/thumb/v7e-m+dp/hard\libc_nano.a(lib_a-readr.o)
 .ARM.attributes
                0x00000ca7       0x32 c:/program files (x86)/gnu arm embedded toolchain/9 2020-q2-update/bin/../lib/gcc/arm-none-eabi/9.3.1/../../../../arm-none-eabi/lib/thumb/v7e-m+dp/hard\libnosys.a(close.o)
 .ARM.attributes
                0x00000cd9       0x32 c:/program files (x86)/gnu arm embedded toolchain/9 2020-q2-update/bin/../lib/gcc/arm-none-eabi/9.3.1/../../../../arm-none-eabi/lib/thumb/v7e-m+dp/hard\libnosys.a(fstat.o)
 .ARM.attributes
                0x00000d0b       0x32 c:/program files (x86)/gnu arm embedded toolchain/9 2020-q2-update/bin/../lib/gcc/arm-none-eabi/9.3.1/../../../../arm-none-eabi/lib/thumb/v7e-m+dp/hard\libnosys.a(isatty.o)
 .ARM.attributes
                0x00000d3d       0x32 c:/program files (x86)/gnu arm embedded toolchain/9 2020-q2-update/bin/../lib/gcc/arm-none-eabi/9.3.1/../../../../arm-none-eabi/lib/thumb/v7e-m+dp/hard\libnosys.a(lseek.o)
 .ARM.attributes
                0x00000d6f       0x32 c:/program files (x86)/gnu arm embedded toolchain/9 2020-q2-update/bin/../lib/gcc/arm-none-eabi/9.3.1/../../../../arm-none-eabi/lib/thumb/v7e-m+dp/hard\libnosys.a(read.o)
 .ARM.attributes
                0x00000da1       0x32 c:/program files (x86)/gnu arm embedded toolchain/9 2020-q2-update/bin/../lib/gcc/arm-none-eabi/9.3.1/../../../../arm-none-eabi/lib/thumb/v7e-m+dp/hard\libnosys.a(sbrk.o)
 .ARM.attributes